../freertos/src/port.c:130:14:pxPortInitialiseStack	24	static
../freertos/src/port.c:148:13:prvTaskExitError	8	static
../freertos/src/port.c:162:6:SVC_Handler	8	static
../freertos/src/port.c:169:6:vPortStartFirstTask	0	static
../freertos/src/port.c:196:12:xPortStartScheduler	8	static
../freertos/src/port.c:223:6:vPortEndScheduler	8	static
../freertos/src/port.c:231:6:vPortYield	8	static
../freertos/src/port.c:243:6:vPortEnterCritical	8	static
../freertos/src/port.c:252:6:vPortExitCritical	8	static
../freertos/src/port.c:263:10:ulSetInterruptMaskFromISR	0	static
../freertos/src/port.c:276:6:vClearInterruptMaskFromISR	0	static
../freertos/src/port.c:288:6:PendSV_Handler	0	static
../freertos/src/port.c:336:6:SysTick_Handler	16	static
../freertos/src/port.c:357:6:prvSetupTimerInterrupt	8	static
