Archive member included to satisfy reference by file (symbol)

e:/mcuxpresso/mcuxpressoide/ide/plugins/com.nxp.mcuxpresso.tools.win32_11.7.0.202209140929/tools/bin/../lib/gcc/arm-none-eabi/10.3.1/../../../../arm-none-eabi/lib/thumb/v6-m/nofp\libcr_c.a(memcpy.o)
                              ./freertos/src/queue.o (memcpy)
e:/mcuxpresso/mcuxpressoide/ide/plugins/com.nxp.mcuxpresso.tools.win32_11.7.0.202209140929/tools/bin/../lib/gcc/arm-none-eabi/10.3.1/../../../../arm-none-eabi/lib/thumb/v6-m/nofp\libcr_c.a(memset.o)
                              ./freertos/src/tasks.o (memset)
e:/mcuxpresso/mcuxpressoide/ide/plugins/com.nxp.mcuxpresso.tools.win32_11.7.0.202209140929/tools/bin/../lib/gcc/arm-none-eabi/10.3.1/../../../../arm-none-eabi/lib/thumb/v6-m/nofp\libcr_c.a(__weak__main.o)
                              ./app/src/cr_startup_lpc11u6x.o (__main)
e:/mcuxpresso/mcuxpressoide/ide/plugins/com.nxp.mcuxpresso.tools.win32_11.7.0.202209140929/tools/bin/../lib/gcc/arm-none-eabi/10.3.1/../../../../arm-none-eabi/lib/thumb/v6-m/nofp\libcr_c.a(alloc.o)
                              ./freertos/src/heap_3.o (malloc)
e:/mcuxpresso/mcuxpressoide/ide/plugins/com.nxp.mcuxpresso.tools.win32_11.7.0.202209140929/tools/bin/../lib/gcc/arm-none-eabi/10.3.1/../../../../arm-none-eabi/lib/thumb/v6-m/nofp\libcr_c.a(memcmp.o)
                              ./freertos/src/tasks.o (memcmp)
e:/mcuxpresso/mcuxpressoide/ide/plugins/com.nxp.mcuxpresso.tools.win32_11.7.0.202209140929/tools/bin/../lib/gcc/arm-none-eabi/10.3.1/../../../../arm-none-eabi/lib/thumb/v6-m/nofp\libcr_c.a(__init_alloc.o)
                              e:/mcuxpresso/mcuxpressoide/ide/plugins/com.nxp.mcuxpresso.tools.win32_11.7.0.202209140929/tools/bin/../lib/gcc/arm-none-eabi/10.3.1/../../../../arm-none-eabi/lib/thumb/v6-m/nofp\libcr_c.a(alloc.o) (__heaps)
e:/mcuxpresso/mcuxpressoide/ide/plugins/com.nxp.mcuxpresso.tools.win32_11.7.0.202209140929/tools/bin/../lib/gcc/arm-none-eabi/10.3.1/../../../../arm-none-eabi/lib/thumb/v6-m/nofp\libcr_c.a(_cr_sbrk.o)
                              e:/mcuxpresso/mcuxpressoide/ide/plugins/com.nxp.mcuxpresso.tools.win32_11.7.0.202209140929/tools/bin/../lib/gcc/arm-none-eabi/10.3.1/../../../../arm-none-eabi/lib/thumb/v6-m/nofp\libcr_c.a(alloc.o) (_sbrk)
e:/mcuxpresso/mcuxpressoide/ide/plugins/com.nxp.mcuxpresso.tools.win32_11.7.0.202209140929/tools/bin/../lib/gcc/arm-none-eabi/10.3.1/../../../../arm-none-eabi/lib/thumb/v6-m/nofp\libcr_c.a(errno.o)
                              e:/mcuxpresso/mcuxpressoide/ide/plugins/com.nxp.mcuxpresso.tools.win32_11.7.0.202209140929/tools/bin/../lib/gcc/arm-none-eabi/10.3.1/../../../../arm-none-eabi/lib/thumb/v6-m/nofp\libcr_c.a(_cr_sbrk.o) (errno)
e:/mcuxpresso/mcuxpressoide/ide/plugins/com.nxp.mcuxpresso.tools.win32_11.7.0.202209140929/tools/bin/../lib/gcc/arm-none-eabi/10.3.1/../../../../arm-none-eabi/lib/thumb/v6-m/nofp\libcr_c.a(_cr_check_heap.o)
                              e:/mcuxpresso/mcuxpressoide/ide/plugins/com.nxp.mcuxpresso.tools.win32_11.7.0.202209140929/tools/bin/../lib/gcc/arm-none-eabi/10.3.1/../../../../arm-none-eabi/lib/thumb/v6-m/nofp\libcr_c.a(_cr_sbrk.o) (__check_heap_overflow)
e:/mcuxpresso/mcuxpressoide/ide/plugins/com.nxp.mcuxpresso.tools.win32_11.7.0.202209140929/tools/bin/../lib/gcc/arm-none-eabi/10.3.1/thumb/v6-m/nofp\libcr_eabihelpers.a(division_64.o)
                              ./drivers/src/clock_11u6x.o (__aeabi_uldivmod)
e:/mcuxpresso/mcuxpressoide/ide/plugins/com.nxp.mcuxpresso.tools.win32_11.7.0.202209140929/tools/bin/../lib/gcc/arm-none-eabi/10.3.1/thumb/v6-m/nofp\libcr_eabihelpers.a(division_idiv0.o)
                              e:/mcuxpresso/mcuxpressoide/ide/plugins/com.nxp.mcuxpresso.tools.win32_11.7.0.202209140929/tools/bin/../lib/gcc/arm-none-eabi/10.3.1/thumb/v6-m/nofp\libcr_eabihelpers.a(division_64.o) (__aeabi_idiv0)
e:/mcuxpresso/mcuxpressoide/ide/plugins/com.nxp.mcuxpresso.tools.win32_11.7.0.202209140929/tools/bin/../lib/gcc/arm-none-eabi/10.3.1/thumb/v6-m/nofp\libcr_eabihelpers.a(memcpy.o)
                              e:/mcuxpresso/mcuxpressoide/ide/plugins/com.nxp.mcuxpresso.tools.win32_11.7.0.202209140929/tools/bin/../lib/gcc/arm-none-eabi/10.3.1/../../../../arm-none-eabi/lib/thumb/v6-m/nofp\libcr_c.a(memcpy.o) (__aeabi_memcpy)

Discarded input sections

 .group         0x00000000        0xc ./freertos/src/FreeRTOSCommonHooks.o
 .group         0x00000000        0xc ./freertos/src/FreeRTOSCommonHooks.o
 .group         0x00000000        0xc ./freertos/src/FreeRTOSCommonHooks.o
 .group         0x00000000        0xc ./freertos/src/FreeRTOSCommonHooks.o
 .group         0x00000000        0xc ./freertos/src/FreeRTOSCommonHooks.o
 .group         0x00000000        0xc ./freertos/src/FreeRTOSCommonHooks.o
 .group         0x00000000        0xc ./freertos/src/FreeRTOSCommonHooks.o
 .group         0x00000000        0xc ./freertos/src/FreeRTOSCommonHooks.o
 .group         0x00000000        0xc ./freertos/src/FreeRTOSCommonHooks.o
[...]
Memory Configuration

Name             Origin             Length             Attributes
MFlash256        0x00000000         0x00040000         xr
Ram0_32          0x10000000         0x00008000         xrw
Ram1_2           0x20000000         0x00000800         xrw
Ram2USB_2        0x20004000         0x00000800         xrw
*default*        0x00000000         0xffffffff

Linker script and memory map

LOAD ./freertos/src/FreeRTOSCommonHooks.o
LOAD ./freertos/src/croutine.o
LOAD ./freertos/src/heap_3.o
LOAD ./freertos/src/list.o
LOAD ./freertos/src/port.o
LOAD ./freertos/src/queue.o
LOAD ./freertos/src/sysinit.o
LOAD ./freertos/src/tasks.o
LOAD ./freertos/src/timers.o
LOAD ./drivers/src/adc_11u6x.o
LOAD ./drivers/src/chip_11u6x.o
LOAD ./drivers/src/clock_11u6x.o
LOAD ./drivers/src/crc_11u6x.o
LOAD ./drivers/src/dma_11u6x.o
LOAD ./drivers/src/eeprom.o
LOAD ./drivers/src/gpio_11u6x.o
LOAD ./drivers/src/gpiogroup_11u6x.o
LOAD ./drivers/src/i2c_11u6x.o
LOAD ./drivers/src/i2cm_11u6x.o
LOAD ./drivers/src/iap.o
LOAD ./drivers/src/iocon_11u6x.o
LOAD ./drivers/src/mtb.o
LOAD ./drivers/src/pinint_11u6x.o
LOAD ./drivers/src/pmu_11u6x.o
LOAD ./drivers/src/ring_buffer.o
LOAD ./drivers/src/romdiv_11u6x.o
LOAD ./drivers/src/rtc_11u6x.o
LOAD ./drivers/src/sct_11u6x.o
LOAD ./drivers/src/ssp_11u6x.o
LOAD ./drivers/src/stopwatch_11u6x.o
LOAD ./drivers/src/syscon_11u6x.o
LOAD ./drivers/src/sysinit_11u6x.o
LOAD ./drivers/src/timer_11u6x.o
LOAD ./drivers/src/uart_0_11u6x.o
LOAD ./drivers/src/uart_n_11u6x.o
LOAD ./drivers/src/wwdt_11u6x.o
LOAD ./board/src/board.o
LOAD ./board/src/board_sysinit.o
LOAD ./app/src/aeabi_romdiv_patch.o
LOAD ./app/src/cr_startup_lpc11u6x.o
LOAD ./app/src/crp.o
LOAD ./app/src/lpc11u6x_freertos_blinky.o
START GROUP
LOAD e:/mcuxpresso/mcuxpressoide/ide/plugins/com.nxp.mcuxpresso.tools.win32_11.7.0.202209140929/tools/bin/../lib/gcc/arm-none-eabi/10.3.1/../../../../arm-none-eabi/lib/thumb/v6-m/nofp\libcr_c.a
LOAD e:/mcuxpresso/mcuxpressoide/ide/plugins/com.nxp.mcuxpresso.tools.win32_11.7.0.202209140929/tools/bin/../lib/gcc/arm-none-eabi/10.3.1/thumb/v6-m/nofp\libcr_eabihelpers.a
LOAD e:/mcuxpresso/mcuxpressoide/ide/plugins/com.nxp.mcuxpresso.tools.win32_11.7.0.202209140929/tools/bin/../lib/gcc/arm-none-eabi/10.3.1/thumb/v6-m/nofp\libgcc.a
END GROUP
                0x00000000                __base_MFlash256 = 0x0
                0x00000000                __base_Flash = 0x0
                0x00040000                __top_MFlash256 = 0x40000
                0x00040000                __top_Flash = 0x40000
                0x10000000                __base_Ram0_32 = 0x10000000
                0x10000000                __base_RAM = 0x10000000
                0x10008000                __top_Ram0_32 = 0x10008000
                0x10008000                __top_RAM = 0x10008000
                0x20000000                __base_Ram1_2 = 0x20000000
                0x20000000                __base_RAM2 = 0x20000000
                0x20000800                __top_Ram1_2 = 0x20000800
                0x20000800                __top_RAM2 = 0x20000800
                0x20004000                __base_Ram2USB_2 = 0x20004000
                0x20004000                __base_RAM3 = 0x20004000
                0x20004800                __top_Ram2USB_2 = 0x20004800
                0x20004800                __top_RAM3 = 0x20004800

.text           0x00000000     0x1ce8
 FILL mask 0xff
                0x00000000                __vectors_start__ = ABSOLUTE (.)
 *(.isr_vector)
 .isr_vector    0x00000000       0xc0 ./app/src/cr_startup_lpc11u6x.o
                0x00000000                g_pfnVectors
                0x000000c0                . = ALIGN (0x4)
                0x000000c0                __section_table_start = .
                0x000000c0                __data_section_table = .
                0x000000c0        0x4 LONG 0x1ce8 LOADADDR (.data)
                0x000000c4        0x4 LONG 0x10000100 ADDR (.data)
                0x000000c8        0x4 LONG 0x8 SIZEOF (.data)
                0x000000cc        0x4 LONG 0x1ce8 LOADADDR (.data_RAM2)
                0x000000d0        0x4 LONG 0x20000000 ADDR (.data_RAM2)
                0x000000d4        0x4 LONG 0x0 SIZEOF (.data_RAM2)
                0x000000d8        0x4 LONG 0x1ce8 LOADADDR (.data_RAM3)
                0x000000dc        0x4 LONG 0x20004000 ADDR (.data_RAM3)
                0x000000e0        0x4 LONG 0x0 SIZEOF (.data_RAM3)
                0x000000e4                __data_section_table_end = .
                0x000000e4                __bss_section_table = .
                0x000000e4        0x4 LONG 0x10000108 ADDR (.bss)
                0x000000e8        0x4 LONG 0x150 SIZEOF (.bss)
                0x000000ec        0x4 LONG 0x20000000 ADDR (.bss_RAM2)
                0x000000f0        0x4 LONG 0x0 SIZEOF (.bss_RAM2)
                0x000000f4        0x4 LONG 0x20004000 ADDR (.bss_RAM3)
                0x000000f8        0x4 LONG 0x0 SIZEOF (.bss_RAM3)
                0x000000fc                __bss_section_table_end = .
                0x000000fc                __section_table_end = .
 *(.after_vectors*)
 .after_vectors
                0x000000fc      0x15c ./app/src/cr_startup_lpc11u6x.o
                0x000000fc                data_init
                0x0000013e                bss_init
                0x00000174                ResetISR
                0x00000234                NMI_Handler
                0x0000023a                HardFault_Handler
                0x00000252                ADCB_IRQHandler
                0x00000252                SCT0_1_IRQHandler
                0x00000252                TIMER32_0_IRQHandler
                0x00000252                I2C1_IRQHandler
                0x00000252                TIMER32_1_IRQHandler
                0x00000252                PIN_INT6_IRQHandler
                0x00000252                IntDefaultHandler
                0x00000252                PIN_INT4_IRQHandler
                0x00000252                SSP0_IRQHandler
                0x00000252                RTC_IRQHandler
                0x00000252                USBWakeup_IRQHandler
                0x00000252                I2C0_IRQHandler
                0x00000252                USART0_IRQHandler
                0x00000252                PIN_INT5_IRQHandler
                0x00000252                PIN_INT2_IRQHandler
                0x00000252                TIMER16_1_IRQHandler
                0x00000252                USB_FIQHandler
                0x00000252                USART1_4_IRQHandler
                0x00000252                SSP1_IRQHandler
                0x00000252                PIN_INT7_IRQHandler
                0x00000252                BOD_WDT_IRQHandler
                0x00000252                PIN_INT1_IRQHandler
                0x00000252                USB_IRQHandler
                0x00000252                USART2_3_IRQHandler
                0x00000252                PIN_INT0_IRQHandler
                0x00000252                GINT0_IRQHandler
                0x00000252                TIMER16_0_IRQHandler
                0x00000252                DMA_IRQHandler
                0x00000252                PIN_INT3_IRQHandler
                0x00000252                FMC_IRQHandler
                0x00000252                GINT1_IRQHandler
                0x00000252                ADCA_IRQHandler
                0x000002fc                . = 0x2fc
 *fill*         0x00000258       0xa4 ff
                0x000002fc                PROVIDE (__CRP_WORD_START__ = .)
 *(.crp)
 .crp           0x000002fc        0x4 ./app/src/crp.o
                0x000002fc                CRP_WORD
                0x00000300                PROVIDE (__CRP_WORD_END__ = .)
                0x00000001                ASSERT (! ((__CRP_WORD_START__ == __CRP_WORD_END__)), Linker CRP Enabled, but no CRP_WORD provided within application)
 *(.text*)
 .text.vApplicationMallocFailedHook
                0x00000300        0xa ./freertos/src/FreeRTOSCommonHooks.o
                0x00000300                vApplicationMallocFailedHook
 .text.vApplicationIdleHook
                0x0000030a        0xe ./freertos/src/FreeRTOSCommonHooks.o
                0x0000030a                vApplicationIdleHook
 .text.vApplicationStackOverflowHook
                0x00000318       0x10 ./freertos/src/FreeRTOSCommonHooks.o
                0x00000318                vApplicationStackOverflowHook
 .text.pvPortMalloc
                0x00000328       0x30 ./freertos/src/heap_3.o
                0x00000328                pvPortMalloc
 .text.vPortFree
                0x00000358       0x26 ./freertos/src/heap_3.o
                0x00000358                vPortFree
 .text.vListInitialise
                0x0000037e       0x3c ./freertos/src/list.o
                0x0000037e                vListInitialise
 .text.vListInitialiseItem
                0x000003ba       0x16 ./freertos/src/list.o
                0x000003ba                vListInitialiseItem
 .text.vListInsertEnd
                0x000003d0       0x44 ./freertos/src/list.o
                0x000003d0                vListInsertEnd
 .text.vListInsert
                0x00000414       0x6c ./freertos/src/list.o
                0x00000414                vListInsert
 .text.uxListRemove
                0x00000480       0x50 ./freertos/src/list.o
                0x00000480                uxListRemove
 .text.pxPortInitialiseStack
                0x000004d0       0x54 ./freertos/src/port.o
                0x000004d0                pxPortInitialiseStack
 .text.prvTaskExitError
                0x00000524       0x18 ./freertos/src/port.o
 .text.SVC_Handler
                0x0000053c        0xa ./freertos/src/port.o
                0x0000053c                SVC_Handler
 *fill*         0x00000546        0x2 ff
 .text.vPortStartFirstTask
                0x00000548       0x24 ./freertos/src/port.o
 .text.xPortStartScheduler
                0x0000056c       0x44 ./freertos/src/port.o
                0x0000056c                xPortStartScheduler
 .text.vPortYield
                0x000005b0       0x20 ./freertos/src/port.o
                0x000005b0                vPortYield
 .text.vPortEnterCritical
                0x000005d0       0x24 ./freertos/src/port.o
                0x000005d0                vPortEnterCritical
 .text.vPortExitCritical
                0x000005f4       0x30 ./freertos/src/port.o
                0x000005f4                vPortExitCritical
 .text.ulSetInterruptMaskFromISR
                0x00000624        0xc ./freertos/src/port.o
                0x00000624                ulSetInterruptMaskFromISR
 .text.vClearInterruptMaskFromISR
                0x00000630        0x8 ./freertos/src/port.o
                0x00000630                vClearInterruptMaskFromISR
 .text.PendSV_Handler
                0x00000638       0x48 ./freertos/src/port.o
                0x00000638                PendSV_Handler
 .text.SysTick_Handler
                0x00000680       0x34 ./freertos/src/port.o
                0x00000680                SysTick_Handler
 .text.prvSetupTimerInterrupt
                0x000006b4       0x34 ./freertos/src/port.o
 .text.SystemInit
                0x000006e8        0xe ./freertos/src/sysinit.o
                0x000006e8                SystemInit
 *fill*         0x000006f6        0x2 ff
 .text.xTaskGenericCreate
                0x000006f8      0x174 ./freertos/src/tasks.o
                0x000006f8                xTaskGenericCreate
 .text.vTaskDelay
                0x0000086c       0x68 ./freertos/src/tasks.o
                0x0000086c                vTaskDelay
 .text.vTaskStartScheduler
                0x000008d4       0x64 ./freertos/src/tasks.o
                0x000008d4                vTaskStartScheduler
 .text.vTaskSuspendAll
                0x00000938       0x18 ./freertos/src/tasks.o
                0x00000938                vTaskSuspendAll
 .text.prvGetExpectedIdleTime
                0x00000950       0x4c ./freertos/src/tasks.o
 .text.xTaskResumeAll
                0x0000099c      0x108 ./freertos/src/tasks.o
                0x0000099c                xTaskResumeAll
 .text.xTaskIncrementTick
                0x00000aa4      0x16c ./freertos/src/tasks.o
                0x00000aa4                xTaskIncrementTick
 .text.vTaskSwitchContext
                0x00000c10       0xec ./freertos/src/tasks.o
                0x00000c10                vTaskSwitchContext
 .text.prvIdleTask
                0x00000cfc       0x58 ./freertos/src/tasks.o
 .text.prvInitialiseTCBVariables
                0x00000d54       0x96 ./freertos/src/tasks.o
 *fill*         0x00000dea        0x2 ff
 .text.prvInitialiseTaskLists
                0x00000dec       0x88 ./freertos/src/tasks.o
 .text.prvCheckTasksWaitingTermination
                0x00000e74       0x78 ./freertos/src/tasks.o
 .text.prvAddCurrentTaskToDelayedList
                0x00000eec       0x6c ./freertos/src/tasks.o
 .text.prvAllocateTCBAndStack
                0x00000f58       0x6c ./freertos/src/tasks.o
 .text.prvDeleteTCB
                0x00000fc4       0x22 ./freertos/src/tasks.o
 *fill*         0x00000fe6        0x2 ff
 .text.prvResetNextTaskUnblockTime
                0x00000fe8       0x48 ./freertos/src/tasks.o
 .text.SystemCoreClockUpdate
                0x00001030       0x18 ./drivers/src/chip_11u6x.o
                0x00001030                SystemCoreClockUpdate
 .text.Chip_Clock_GetMainOscRate
                0x00001048       0x14 ./drivers/src/clock_11u6x.o
 .text.Chip_Clock_GetIntOscRate
                0x0000105c       0x10 ./drivers/src/clock_11u6x.o
 .text.Chip_Clock_GetRTCOscRate
                0x0000106c       0x14 ./drivers/src/clock_11u6x.o
 .text.Chip_Clock_GetWDTRate
                0x00001080       0x48 ./drivers/src/clock_11u6x.o
 .text.Chip_Clock_GetPLLFreq
                0x000010c8       0x22 ./drivers/src/clock_11u6x.o
 *fill*         0x000010ea        0x2 ff
 .text.Chip_Clock_SetSystemPLLSource
                0x000010ec       0x2c ./drivers/src/clock_11u6x.o
                0x000010ec                Chip_Clock_SetSystemPLLSource
 .text.Chip_Clock_SetMainClockSource
                0x00001118       0x2c ./drivers/src/clock_11u6x.o
                0x00001118                Chip_Clock_SetMainClockSource
 .text.Chip_Clock_GetWDTOSCRate
                0x00001144       0x1c ./drivers/src/clock_11u6x.o
                0x00001144                Chip_Clock_GetWDTOSCRate
 .text.Chip_Clock_GetSystemPLLInClockRate
                0x00001160       0x54 ./drivers/src/clock_11u6x.o
                0x00001160                Chip_Clock_GetSystemPLLInClockRate
 .text.Chip_Clock_GetSystemPLLOutClockRate
                0x000011b4       0x24 ./drivers/src/clock_11u6x.o
                0x000011b4                Chip_Clock_GetSystemPLLOutClockRate
 .text.Chip_Clock_GetMainClockRate
                0x000011d8       0x64 ./drivers/src/clock_11u6x.o
                0x000011d8                Chip_Clock_GetMainClockRate
 .text.Chip_Clock_GetSystemClockRate
                0x0000123c       0x24 ./drivers/src/clock_11u6x.o
                0x0000123c                Chip_Clock_GetSystemClockRate
 .text.Chip_Clock_EnablePeriphClock
                0x00001260       0x30 ./drivers/src/gpio_11u6x.o
 .text.Chip_GPIO_Init
                0x00001290       0x16 ./drivers/src/gpio_11u6x.o
                0x00001290                Chip_GPIO_Init
 .text.Chip_IOCON_PinMuxSet
                0x000012a6       0x90 ./drivers/src/iocon_11u6x.o
                0x000012a6                Chip_IOCON_PinMuxSet
 .text.Chip_IOCON_SetPinMuxing
                0x00001336       0x50 ./drivers/src/iocon_11u6x.o
                0x00001336                Chip_IOCON_SetPinMuxing
 *fill*         0x00001386        0x2 ff
 .text.Chip_SYSCTL_PowerDown
                0x00001388       0x44 ./drivers/src/syscon_11u6x.o
                0x00001388                Chip_SYSCTL_PowerDown
 .text.Chip_SYSCTL_PowerUp
                0x000013cc       0x44 ./drivers/src/syscon_11u6x.o
                0x000013cc                Chip_SYSCTL_PowerUp
 .text.Chip_Clock_SetupSystemPLL
                0x00001410       0x38 ./drivers/src/sysinit_11u6x.o
 .text.Chip_Clock_IsSystemPLLLocked
                0x00001448       0x1c ./drivers/src/sysinit_11u6x.o
 .text.Chip_Clock_SetSysClockDiv
                0x00001464       0x1c ./drivers/src/sysinit_11u6x.o
 .text.Chip_FMC_SetFLASHAccess
                0x00001480       0x30 ./drivers/src/sysinit_11u6x.o
 .text.Chip_SetupXtalClocking
                0x000014b0       0x6c ./drivers/src/sysinit_11u6x.o
                0x000014b0                Chip_SetupXtalClocking
 .text.Chip_Clock_EnablePeriphClock
                0x0000151c       0x30 ./drivers/src/uart_0_11u6x.o
 .text.Chip_Clock_SetUSART0ClockDiv
                0x0000154c       0x1c ./drivers/src/uart_0_11u6x.o
 .text.Chip_UART0_SetupFIFOS
                0x00001568       0x18 ./drivers/src/uart_0_11u6x.o
 .text.Chip_UART0_EnableDivisorAccess
                0x00001580       0x1c ./drivers/src/uart_0_11u6x.o
 .text.Chip_UART0_DisableDivisorAccess
                0x0000159c       0x1e ./drivers/src/uart_0_11u6x.o
 .text.Chip_UART0_SetDivisorLatches
                0x000015ba       0x30 ./drivers/src/uart_0_11u6x.o
 .text.Chip_UART0_Init
                0x000015ea       0x2c ./drivers/src/uart_0_11u6x.o
                0x000015ea                Chip_UART0_Init
 .text.Chip_UART0_SetBaud
                0x00001616       0x6e ./drivers/src/uart_0_11u6x.o
                0x00001616                Chip_UART0_SetBaud
 .text.Chip_GPIO_SetPinState
                0x00001684       0x3e ./board/src/board.o
 .text.Chip_GPIO_SetPinDIROutput
                0x000016c2       0x50 ./board/src/board.o
 .text.Chip_UART0_TXEnable
                0x00001712       0x16 ./board/src/board.o
 .text.Chip_UART0_SetupFIFOS
                0x00001728       0x18 ./board/src/board.o
 .text.Chip_UART0_ConfigData
                0x00001740       0x18 ./board/src/board.o
 .text.Board_Debug_Init
                0x00001758       0x40 ./board/src/board.o
                0x00001758                Board_Debug_Init
 .text.Board_LED_Init
                0x00001798       0x60 ./board/src/board.o
 .text.Board_LED_Set
                0x000017f8       0x5c ./board/src/board.o
                0x000017f8                Board_LED_Set
 .text.Board_Init
                0x00001854       0x1c ./board/src/board.o
                0x00001854                Board_Init
 .text.Chip_Clock_EnablePeriphClock
                0x00001870       0x30 ./board/src/board_sysinit.o
 .text.Board_SetupMuxing
                0x000018a0       0x24 ./board/src/board_sysinit.o
                0x000018a0                Board_SetupMuxing
 .text.Board_SetupClocking
                0x000018c4        0xe ./board/src/board_sysinit.o
                0x000018c4                Board_SetupClocking
 .text.Board_SystemInit
                0x000018d2       0x12 ./board/src/board_sysinit.o
                0x000018d2                Board_SystemInit
 .text.__aeabi_uidiv
                0x000018e4       0x10 ./app/src/aeabi_romdiv_patch.o
                0x000018e4                __aeabi_uidivmod
                0x000018e4                __aeabi_uidiv
 .text.prvSetupHardware
                0x000018f4       0x12 ./app/src/lpc11u6x_freertos_blinky.o
 .text.vLEDTask0
                0x00001906       0x36 ./app/src/lpc11u6x_freertos_blinky.o
 .text.vLEDTask1
                0x0000193c       0x36 ./app/src/lpc11u6x_freertos_blinky.o
 .text.vLEDTask2
                0x00001972       0x36 ./app/src/lpc11u6x_freertos_blinky.o
 .text.main     0x000019a8       0x84 ./app/src/lpc11u6x_freertos_blinky.o
                0x000019a8                main
 .text.memset   0x00001a2c        0x8 e:/mcuxpresso/mcuxpressoide/ide/plugins/com.nxp.mcuxpresso.tools.win32_11.7.0.202209140929/tools/bin/../lib/gcc/arm-none-eabi/10.3.1/../../../../arm-none-eabi/lib/thumb/v6-m/nofp\libcr_c.a(memset.o)
                0x00001a2c                memset
 .text.__weak_main
                0x00001a34        0x8 e:/mcuxpresso/mcuxpressoide/ide/plugins/com.nxp.mcuxpresso.tools.win32_11.7.0.202209140929/tools/bin/../lib/gcc/arm-none-eabi/10.3.1/../../../../arm-none-eabi/lib/thumb/v6-m/nofp\libcr_c.a(__weak__main.o)
                0x00001a34                __weak_main
                0x00001a34                __main
 .text.malloc   0x00001a3c       0xcc e:/mcuxpresso/mcuxpressoide/ide/plugins/com.nxp.mcuxpresso.tools.win32_11.7.0.202209140929/tools/bin/../lib/gcc/arm-none-eabi/10.3.1/../../../../arm-none-eabi/lib/thumb/v6-m/nofp\libcr_c.a(alloc.o)
                0x00001a3c                malloc
 .text.free     0x00001b08       0x2c e:/mcuxpresso/mcuxpressoide/ide/plugins/com.nxp.mcuxpresso.tools.win32_11.7.0.202209140929/tools/bin/../lib/gcc/arm-none-eabi/10.3.1/../../../../arm-none-eabi/lib/thumb/v6-m/nofp\libcr_c.a(alloc.o)
                0x00001b08                free
 .text.memcmp   0x00001b34       0x38 e:/mcuxpresso/mcuxpressoide/ide/plugins/com.nxp.mcuxpresso.tools.win32_11.7.0.202209140929/tools/bin/../lib/gcc/arm-none-eabi/10.3.1/../../../../arm-none-eabi/lib/thumb/v6-m/nofp\libcr_c.a(memcmp.o)
                0x00001b34                memcmp
 .text._sbrk    0x00001b6c       0x44 e:/mcuxpresso/mcuxpressoide/ide/plugins/com.nxp.mcuxpresso.tools.win32_11.7.0.202209140929/tools/bin/../lib/gcc/arm-none-eabi/10.3.1/../../../../arm-none-eabi/lib/thumb/v6-m/nofp\libcr_c.a(_cr_sbrk.o)
                0x00001b6c                _sbrk
 .text.__check_heap_overflow
                0x00001bb0       0x18 e:/mcuxpresso/mcuxpressoide/ide/plugins/com.nxp.mcuxpresso.tools.win32_11.7.0.202209140929/tools/bin/../lib/gcc/arm-none-eabi/10.3.1/../../../../arm-none-eabi/lib/thumb/v6-m/nofp\libcr_c.a(_cr_check_heap.o)
                0x00001bb0                __check_heap_overflow
 .text.__aeabi_memset_lowlevel
                0x00001bc8       0x2a e:/mcuxpresso/mcuxpressoide/ide/plugins/com.nxp.mcuxpresso.tools.win32_11.7.0.202209140929/tools/bin/../lib/gcc/arm-none-eabi/10.3.1/thumb/v6-m/nofp\libcr_eabihelpers.a(memcpy.o)
                0x00001bc8                __aeabi_lowlevel_memset
 */tasks.o(.rodata*)
 *fill*         0x00001bf2        0x2 ff
 .rodata.vTaskStartScheduler.str1.4
                0x00001bf4        0x5 ./freertos/src/tasks.o
 *fill*         0x00001bf9        0x3 ff
 .rodata.ucExpectedStackBytes.0
                0x00001bfc       0x14 ./freertos/src/tasks.o
 *(.rodata .rodata.* .constdata .constdata.*)
 .rodata.wdtOSCRate
                0x00001c10       0x40 ./drivers/src/clock_11u6x.o
 .rodata.OscRateIn
                0x00001c50        0x4 ./board/src/board.o
                0x00001c50                OscRateIn
 .rodata.RTCOscRateIn
                0x00001c54        0x4 ./board/src/board.o
                0x00001c54                RTCOscRateIn
 .rodata.ledports
                0x00001c58        0x3 ./board/src/board.o
 *fill*         0x00001c5b        0x1 ff
 .rodata.ledpins
                0x00001c5c        0x3 ./board/src/board.o
 *fill*         0x00001c5f        0x1 ff
 .rodata.pinmuxing
                0x00001c60       0x64 ./board/src/board_sysinit.o
 .rodata.main.str1.4
                0x00001cc4       0x22 ./app/src/lpc11u6x_freertos_blinky.o
                0x00001ce8                . = ALIGN (0x4)
 *fill*         0x00001ce6        0x2 ff

.glue_7         0x00001ce8        0x0
 .glue_7        0x00001ce8        0x0 linker stubs

.glue_7t        0x00001ce8        0x0
 .glue_7t       0x00001ce8        0x0 linker stubs

.vfp11_veneer   0x00001ce8        0x0
 .vfp11_veneer  0x00001ce8        0x0 linker stubs

.v4_bx          0x00001ce8        0x0
 .v4_bx         0x00001ce8        0x0 linker stubs

.iplt           0x00001ce8        0x0
 .iplt          0x00001ce8        0x0 ./freertos/src/heap_3.o

.rel.dyn        0x00001ce8        0x0
 .rel.iplt      0x00001ce8        0x0 ./freertos/src/heap_3.o

.ARM.extab
 *(.ARM.extab* .gnu.linkonce.armextab.*)

.ARM.exidx      0x00001ce8        0x0
                0x00001ce8                __exidx_start = .
 *(.ARM.exidx* .gnu.linkonce.armexidx.*)
                0x00001ce8                __exidx_end = .
                0x00001ce8                _etext = .

.mtb_buffer_RAM2
 *(.mtb.$RAM2*)
 *(.mtb.$Ram1_2*)

.data_RAM2      0x20000000        0x0 load address 0x00001ce8
 FILL mask 0xff
                [!provide]                PROVIDE (__start_data_RAM2 = .)
                [!provide]                PROVIDE (__start_data_Ram1_2 = .)
 *(.ramfunc.$RAM2)
 *(.ramfunc.$Ram1_2)
 *(.data.$RAM2)
 *(.data.$Ram1_2)
 *(.data.$RAM2.*)
 *(.data.$Ram1_2.*)
                0x20000000                . = ALIGN (0x4)
                [!provide]                PROVIDE (__end_data_RAM2 = .)
                [!provide]                PROVIDE (__end_data_Ram1_2 = .)

.mtb_buffer_RAM3
 *(.mtb.$RAM3*)
 *(.mtb.$Ram2USB_2*)

.data_RAM3      0x20004000        0x0 load address 0x00001ce8
 FILL mask 0xff
                [!provide]                PROVIDE (__start_data_RAM3 = .)
                [!provide]                PROVIDE (__start_data_Ram2USB_2 = .)
 *(.ramfunc.$RAM3)
 *(.ramfunc.$Ram2USB_2)
 *(.data.$RAM3)
 *(.data.$Ram2USB_2)
 *(.data.$RAM3.*)
 *(.data.$Ram2USB_2.*)
                0x20004000                . = ALIGN (0x4)
                [!provide]                PROVIDE (__end_data_RAM3 = .)
                [!provide]                PROVIDE (__end_data_Ram2USB_2 = .)

.mtb_buffer_default
                0x10000000      0x100
 *(.mtb*)
 .mtb.$RAM1     0x10000000      0x100 ./drivers/src/mtb.o
                0x10000000                __mtb_buffer__

.uninit_RESERVED
                0x10000100        0x0
                0x10000100                _start_uninit_RESERVED = .
 *(.bss.$RESERVED*)
                0x10000100                . = ALIGN (0x4)
                0x10000100                _end_uninit_RESERVED = .

.data           0x10000100        0x8 load address 0x00001ce8
 FILL mask 0xff
                0x10000100                _data = .
                [!provide]                PROVIDE (__start_data_RAM = .)
                [!provide]                PROVIDE (__start_data_Ram0_32 = .)
 *(vtable)
 *(.ramfunc*)
 *(CodeQuickAccess)
 *(DataQuickAccess)
 *(RamFunction)
 *(.data*)
 .data.uxCriticalNesting
                0x10000100        0x4 ./freertos/src/port.o
 .data.xNextTaskUnblockTime
                0x10000104        0x4 ./freertos/src/tasks.o
                0x10000108                . = ALIGN (0x4)
                0x10000108                _edata = .
                [!provide]                PROVIDE (__end_data_RAM = .)
                [!provide]                PROVIDE (__end_data_Ram0_32 = .)

.igot.plt       0x10000108        0x0 load address 0x00001cf0
 .igot.plt      0x10000108        0x0 ./freertos/src/heap_3.o

.bss_RAM2       0x20000000        0x0
                [!provide]                PROVIDE (__start_bss_RAM2 = .)
                [!provide]                PROVIDE (__start_bss_Ram1_2 = .)
 *(.bss.$RAM2)
 *(.bss.$Ram1_2)
 *(.bss.$RAM2.*)
 *(.bss.$Ram1_2.*)
                0x20000000                . = ALIGN ((. != 0x0)?0x4:0x1)
                [!provide]                PROVIDE (__end_bss_RAM2 = .)
                [!provide]                PROVIDE (__end_bss_Ram1_2 = .)

.bss_RAM3       0x20004000        0x0
                [!provide]                PROVIDE (__start_bss_RAM3 = .)
                [!provide]                PROVIDE (__start_bss_Ram2USB_2 = .)
 *(.bss.$RAM3)
 *(.bss.$Ram2USB_2)
 *(.bss.$RAM3.*)
 *(.bss.$Ram2USB_2.*)
                0x20004000                . = ALIGN ((. != 0x0)?0x4:0x1)
                [!provide]                PROVIDE (__end_bss_RAM3 = .)
                [!provide]                PROVIDE (__end_bss_Ram2USB_2 = .)

.bss            0x10000108      0x150
                0x10000108                _bss = .
                [!provide]                PROVIDE (__start_bss_RAM = .)
                [!provide]                PROVIDE (__start_bss_Ram0_32 = .)
 *(.bss*)
 .bss.pxCurrentTCB
                0x10000108        0x4 ./freertos/src/tasks.o
                0x10000108                pxCurrentTCB
 .bss.pxReadyTasksLists
                0x1000010c       0xa0 ./freertos/src/tasks.o
 .bss.xDelayedTaskList1
                0x100001ac       0x14 ./freertos/src/tasks.o
 .bss.xDelayedTaskList2
                0x100001c0       0x14 ./freertos/src/tasks.o
 .bss.pxDelayedTaskList
                0x100001d4        0x4 ./freertos/src/tasks.o
 .bss.pxOverflowDelayedTaskList
                0x100001d8        0x4 ./freertos/src/tasks.o
 .bss.xPendingReadyList
                0x100001dc       0x14 ./freertos/src/tasks.o
 .bss.xTasksWaitingTermination
                0x100001f0       0x14 ./freertos/src/tasks.o
 .bss.uxTasksDeleted
                0x10000204        0x4 ./freertos/src/tasks.o
 .bss.xSuspendedTaskList
                0x10000208       0x14 ./freertos/src/tasks.o
 .bss.uxCurrentNumberOfTasks
                0x1000021c        0x4 ./freertos/src/tasks.o
 .bss.xTickCount
                0x10000220        0x4 ./freertos/src/tasks.o
 .bss.uxTopReadyPriority
                0x10000224        0x4 ./freertos/src/tasks.o
 .bss.xSchedulerRunning
                0x10000228        0x4 ./freertos/src/tasks.o
 .bss.uxPendedTicks
                0x1000022c        0x4 ./freertos/src/tasks.o
 .bss.xYieldPending
                0x10000230        0x4 ./freertos/src/tasks.o
 .bss.xNumOfOverflows
                0x10000234        0x4 ./freertos/src/tasks.o
 .bss.uxTaskNumber
                0x10000238        0x4 ./freertos/src/tasks.o
 .bss.uxSchedulerSuspended
                0x1000023c        0x4 ./freertos/src/tasks.o
 .bss.SystemCoreClock
                0x10000240        0x4 ./drivers/src/chip_11u6x.o
                0x10000240                SystemCoreClock
 .bss.pDivRom_idiv
                0x10000244        0x4 ./app/src/cr_startup_lpc11u6x.o
                0x10000244                pDivRom_idiv
 .bss.pDivRom_uidiv
                0x10000248        0x4 ./app/src/cr_startup_lpc11u6x.o
                0x10000248                pDivRom_uidiv
 .bss.__end_of_heap
                0x1000024c        0x4 e:/mcuxpresso/mcuxpressoide/ide/plugins/com.nxp.mcuxpresso.tools.win32_11.7.0.202209140929/tools/bin/../lib/gcc/arm-none-eabi/10.3.1/../../../../arm-none-eabi/lib/thumb/v6-m/nofp\libcr_c.a(__init_alloc.o)
                0x1000024c                __end_of_heap
 .bss.__heaps   0x10000250        0x4 e:/mcuxpresso/mcuxpressoide/ide/plugins/com.nxp.mcuxpresso.tools.win32_11.7.0.202209140929/tools/bin/../lib/gcc/arm-none-eabi/10.3.1/../../../../arm-none-eabi/lib/thumb/v6-m/nofp\libcr_c.a(__init_alloc.o)
                0x10000250                __heaps
 .bss.errno     0x10000254        0x4 e:/mcuxpresso/mcuxpressoide/ide/plugins/com.nxp.mcuxpresso.tools.win32_11.7.0.202209140929/tools/bin/../lib/gcc/arm-none-eabi/10.3.1/../../../../arm-none-eabi/lib/thumb/v6-m/nofp\libcr_c.a(errno.o)
                0x10000254                errno
 *(COMMON)
                0x10000258                . = ALIGN (0x4)
                0x10000258                _ebss = .
                [!provide]                PROVIDE (__end_bss_RAM = .)
                [!provide]                PROVIDE (__end_bss_Ram0_32 = .)
                [!provide]                PROVIDE (end = .)

.noinit_RAM2    0x20000000        0x0
                [!provide]                PROVIDE (__start_noinit_RAM2 = .)
                [!provide]                PROVIDE (__start_noinit_Ram1_2 = .)
 *(.noinit.$RAM2)
 *(.noinit.$Ram1_2)
 *(.noinit.$RAM2.*)
 *(.noinit.$Ram1_2.*)
                0x20000000                . = ALIGN (0x4)
                [!provide]                PROVIDE (__end_noinit_RAM2 = .)
                [!provide]                PROVIDE (__end_noinit_Ram1_2 = .)

.noinit_RAM3    0x20004000        0x0
                [!provide]                PROVIDE (__start_noinit_RAM3 = .)
                [!provide]                PROVIDE (__start_noinit_Ram2USB_2 = .)
 *(.noinit.$RAM3)
 *(.noinit.$Ram2USB_2)
 *(.noinit.$RAM3.*)
 *(.noinit.$Ram2USB_2.*)
                0x20004000                . = ALIGN (0x4)
                [!provide]                PROVIDE (__end_noinit_RAM3 = .)
                [!provide]                PROVIDE (__end_noinit_Ram2USB_2 = .)

.noinit         0x10000258        0x0
                0x10000258                _noinit = .
                [!provide]                PROVIDE (__start_noinit_RAM = .)
                [!provide]                PROVIDE (__start_noinit_Ram0_32 = .)
 *(.noinit*)
                0x10000258                . = ALIGN (0x4)
                0x10000258                _end_noinit = .
                [!provide]                PROVIDE (__end_noinit_RAM = .)
                [!provide]                PROVIDE (__end_noinit_Ram0_32 = .)
                0x10000258                PROVIDE (_pvHeapStart = DEFINED (__user_heap_base)?__user_heap_base:.)
                0x10008000                PROVIDE (_vStackTop = DEFINED (__user_stack_top)?__user_stack_top:(__top_Ram0_32 - 0x0))
                [!provide]                PROVIDE (__valid_user_code_checksum = (0x0 - (((_vStackTop + (ResetISR + 0x1)) + (DEFINED (NMI_Handler)?NMI_Handler:M0_NMI_Handler + 0x1)) + (DEFINED (HardFault_Handler)?HardFault_Handler:M0_HardFault_Handler + 0x1))))
                0x00000000                _image_start = LOADADDR (.text)
                0x00001cf0                _image_end = (LOADADDR (.data) + SIZEOF (.data))
                0x00001cf0                _image_size = (_image_end - _image_start)
OUTPUT(lpc11u6x_freertos_blinky.axf elf32-littlearm)
LOAD linker stubs

.debug_info     0x00000000     0x72a3
 .debug_info    0x00000000      0x168 ./freertos/src/FreeRTOSCommonHooks.o
 .debug_info    0x00000168       0xf8 ./freertos/src/heap_3.o
 .debug_info    0x00000260      0x2ba ./freertos/src/list.o
 .debug_info    0x0000051a      0x34b ./freertos/src/port.o
 .debug_info    0x00000865       0x90 ./freertos/src/sysinit.o
 .debug_info    0x000008f5     0x142f ./freertos/src/tasks.o
 .debug_info    0x00001d24      0x81d ./drivers/src/chip_11u6x.o
 .debug_info    0x00002541      0xd49 ./drivers/src/clock_11u6x.o
 .debug_info    0x0000328a      0xa0f ./drivers/src/gpio_11u6x.o
 .debug_info    0x00003c99      0x2d5 ./drivers/src/iocon_11u6x.o
 .debug_info    0x00003f6e       0x54 ./drivers/src/mtb.o
 .debug_info    0x00003fc2      0x638 ./drivers/src/syscon_11u6x.o
 .debug_info    0x000045fa      0x741 ./drivers/src/sysinit_11u6x.o
 .debug_info    0x00004d3b      0xf40 ./drivers/src/uart_0_11u6x.o
 .debug_info    0x00005c7b      0x926 ./board/src/board.o
 .debug_info    0x000065a1      0x8a2 ./board/src/board_sysinit.o
 .debug_info    0x00006e43       0x22 ./app/src/aeabi_romdiv_patch.o
 .debug_info    0x00006e65      0x280 ./app/src/cr_startup_lpc11u6x.o
 .debug_info    0x000070e5       0x40 ./app/src/crp.o
 .debug_info    0x00007125      0x17e ./app/src/lpc11u6x_freertos_blinky.o

.debug_abbrev   0x00000000     0x194c
 .debug_abbrev  0x00000000       0xf3 ./freertos/src/FreeRTOSCommonHooks.o
 .debug_abbrev  0x000000f3       0xca ./freertos/src/heap_3.o
 .debug_abbrev  0x000001bd       0xeb ./freertos/src/list.o
 .debug_abbrev  0x000002a8      0x1bf ./freertos/src/port.o
 .debug_abbrev  0x00000467       0x47 ./freertos/src/sysinit.o
 .debug_abbrev  0x000004ae      0x279 ./freertos/src/tasks.o
 .debug_abbrev  0x00000727      0x18c ./drivers/src/chip_11u6x.o
 .debug_abbrev  0x000008b3      0x2bd ./drivers/src/clock_11u6x.o
 .debug_abbrev  0x00000b70      0x19c ./drivers/src/gpio_11u6x.o
 .debug_abbrev  0x00000d0c      0x15a ./drivers/src/iocon_11u6x.o
 .debug_abbrev  0x00000e66       0x46 ./drivers/src/mtb.o
 .debug_abbrev  0x00000eac       0xf6 ./drivers/src/syscon_11u6x.o
 .debug_abbrev  0x00000fa2      0x182 ./drivers/src/sysinit_11u6x.o
 .debug_abbrev  0x00001124      0x229 ./drivers/src/uart_0_11u6x.o
 .debug_abbrev  0x0000134d      0x268 ./board/src/board.o
 .debug_abbrev  0x000015b5      0x15e ./board/src/board_sysinit.o
 .debug_abbrev  0x00001713       0x12 ./app/src/aeabi_romdiv_patch.o
 .debug_abbrev  0x00001725      0x13c ./app/src/cr_startup_lpc11u6x.o
 .debug_abbrev  0x00001861       0x38 ./app/src/crp.o
 .debug_abbrev  0x00001899       0xb3 ./app/src/lpc11u6x_freertos_blinky.o

.debug_aranges  0x00000000      0x828
 .debug_aranges
                0x00000000       0x40 ./freertos/src/FreeRTOSCommonHooks.o
 .debug_aranges
                0x00000040       0x28 ./freertos/src/heap_3.o
 .debug_aranges
                0x00000068       0x40 ./freertos/src/list.o
 .debug_aranges
                0x000000a8       0x88 ./freertos/src/port.o
 .debug_aranges
                0x00000130       0x20 ./freertos/src/sysinit.o
 .debug_aranges
                0x00000150      0x188 ./freertos/src/tasks.o
 .debug_aranges
                0x000002d8       0x40 ./drivers/src/chip_11u6x.o
 .debug_aranges
                0x00000318      0x100 ./drivers/src/clock_11u6x.o
 .debug_aranges
                0x00000418       0x78 ./drivers/src/gpio_11u6x.o
 .debug_aranges
                0x00000490       0x30 ./drivers/src/iocon_11u6x.o
 .debug_aranges
                0x000004c0       0x18 ./drivers/src/mtb.o
 .debug_aranges
                0x000004d8       0x40 ./drivers/src/syscon_11u6x.o
 .debug_aranges
                0x00000518       0x50 ./drivers/src/sysinit_11u6x.o
 .debug_aranges
                0x00000568       0xe8 ./drivers/src/uart_0_11u6x.o
 .debug_aranges
                0x00000650       0xc0 ./board/src/board.o
 .debug_aranges
                0x00000710       0x38 ./board/src/board_sysinit.o
 .debug_aranges
                0x00000748       0x28 ./app/src/aeabi_romdiv_patch.o
 .debug_aranges
                0x00000770       0x60 ./app/src/cr_startup_lpc11u6x.o
 .debug_aranges
                0x000007d0       0x18 ./app/src/crp.o
 .debug_aranges
                0x000007e8       0x40 ./app/src/lpc11u6x_freertos_blinky.o

.debug_ranges   0x00000000      0x6e0
 .debug_ranges  0x00000000       0x30 ./freertos/src/FreeRTOSCommonHooks.o
 .debug_ranges  0x00000030       0x18 ./freertos/src/heap_3.o
 .debug_ranges  0x00000048       0x30 ./freertos/src/list.o
 .debug_ranges  0x00000078       0x78 ./freertos/src/port.o
 .debug_ranges  0x000000f0       0x10 ./freertos/src/sysinit.o
 .debug_ranges  0x00000100      0x178 ./freertos/src/tasks.o
 .debug_ranges  0x00000278       0x30 ./drivers/src/chip_11u6x.o
 .debug_ranges  0x000002a8       0xf0 ./drivers/src/clock_11u6x.o
 .debug_ranges  0x00000398       0x68 ./drivers/src/gpio_11u6x.o
 .debug_ranges  0x00000400       0x20 ./drivers/src/iocon_11u6x.o
 .debug_ranges  0x00000420       0x30 ./drivers/src/syscon_11u6x.o
 .debug_ranges  0x00000450       0x40 ./drivers/src/sysinit_11u6x.o
 .debug_ranges  0x00000490       0xd8 ./drivers/src/uart_0_11u6x.o
 .debug_ranges  0x00000568       0xb0 ./board/src/board.o
 .debug_ranges  0x00000618       0x28 ./board/src/board_sysinit.o
 .debug_ranges  0x00000640       0x20 ./app/src/aeabi_romdiv_patch.o
 .debug_ranges  0x00000660       0x50 ./app/src/cr_startup_lpc11u6x.o
 .debug_ranges  0x000006b0       0x30 ./app/src/lpc11u6x_freertos_blinky.o

.debug_macro    0x00000000     0x56d4
 .debug_macro   0x00000000      0x29a ./freertos/src/FreeRTOSCommonHooks.o
 .debug_macro   0x0000029a      0xa6c ./freertos/src/FreeRTOSCommonHooks.o
 .debug_macro   0x00000d06       0x10 ./freertos/src/FreeRTOSCommonHooks.o
 .debug_macro   0x00000d16      0x12e ./freertos/src/FreeRTOSCommonHooks.o
 .debug_macro   0x00000e44       0x16 ./freertos/src/FreeRTOSCommonHooks.o
 .debug_macro   0x00000e5a      0x5b3 ./freertos/src/FreeRTOSCommonHooks.o
 .debug_macro   0x0000140d       0x40 ./freertos/src/FreeRTOSCommonHooks.o
 .debug_macro   0x0000144d       0x22 ./freertos/src/FreeRTOSCommonHooks.o
 .debug_macro   0x0000146f       0x74 ./freertos/src/FreeRTOSCommonHooks.o
 .debug_macro   0x000014e3       0x10 ./freertos/src/FreeRTOSCommonHooks.o
 .debug_macro   0x000014f3       0x26 ./freertos/src/FreeRTOSCommonHooks.o
 .debug_macro   0x00001519       0x3a ./freertos/src/FreeRTOSCommonHooks.o
 .debug_macro   0x00001553       0x1f ./freertos/src/FreeRTOSCommonHooks.o
 .debug_macro   0x00001572      0x242 ./freertos/src/FreeRTOSCommonHooks.o
 .debug_macro   0x000017b4      0x17e ./freertos/src/FreeRTOSCommonHooks.o
 .debug_macro   0x00001932       0xca ./freertos/src/FreeRTOSCommonHooks.o
 .debug_macro   0x000019fc       0x11 ./freertos/src/FreeRTOSCommonHooks.o
 .debug_macro   0x00001a0d       0x5e ./freertos/src/FreeRTOSCommonHooks.o
 .debug_macro   0x00001a6b       0x6a ./freertos/src/FreeRTOSCommonHooks.o
 .debug_macro   0x00001ad5       0x70 ./freertos/src/FreeRTOSCommonHooks.o
 .debug_macro   0x00001b45       0x34 ./freertos/src/FreeRTOSCommonHooks.o
 .debug_macro   0x00001b79      0x10d ./freertos/src/FreeRTOSCommonHooks.o
 .debug_macro   0x00001c86       0x10 ./freertos/src/FreeRTOSCommonHooks.o
 .debug_macro   0x00001c96       0xac ./freertos/src/FreeRTOSCommonHooks.o
 .debug_macro   0x00001d42       0x40 ./freertos/src/FreeRTOSCommonHooks.o
 .debug_macro   0x00001d82       0x6a ./freertos/src/FreeRTOSCommonHooks.o
 .debug_macro   0x00001dec       0x64 ./freertos/src/FreeRTOSCommonHooks.o
 .debug_macro   0x00001e50       0x1c ./freertos/src/FreeRTOSCommonHooks.o
 .debug_macro   0x00001e6c       0x4c ./freertos/src/FreeRTOSCommonHooks.o
 .debug_macro   0x00001eb8       0x16 ./freertos/src/FreeRTOSCommonHooks.o
 .debug_macro   0x00001ece      0x2fb ./freertos/src/FreeRTOSCommonHooks.o
 .debug_macro   0x000021c9      0x112 ./freertos/src/FreeRTOSCommonHooks.o
 .debug_macro   0x000022db       0xb8 ./freertos/src/FreeRTOSCommonHooks.o
 .debug_macro   0x00002393      0x201 ./freertos/src/FreeRTOSCommonHooks.o
 .debug_macro   0x00002594      0x152 ./freertos/src/FreeRTOSCommonHooks.o
 .debug_macro   0x000026e6      0x18a ./freertos/src/FreeRTOSCommonHooks.o
 .debug_macro   0x00002870       0x88 ./freertos/src/FreeRTOSCommonHooks.o
 .debug_macro   0x000028f8       0x40 ./freertos/src/FreeRTOSCommonHooks.o
 .debug_macro   0x00002938       0x16 ./freertos/src/FreeRTOSCommonHooks.o
 .debug_macro   0x0000294e       0xd2 ./freertos/src/FreeRTOSCommonHooks.o
 .debug_macro   0x00002a20       0x3a ./freertos/src/FreeRTOSCommonHooks.o
 .debug_macro   0x00002a5a       0x42 ./freertos/src/FreeRTOSCommonHooks.o
 .debug_macro   0x00002a9c       0x10 ./freertos/src/FreeRTOSCommonHooks.o
 .debug_macro   0x00002aac       0x34 ./freertos/src/FreeRTOSCommonHooks.o
 .debug_macro   0x00002ae0       0x9a ./freertos/src/FreeRTOSCommonHooks.o
 .debug_macro   0x00002b7a       0x20 ./freertos/src/FreeRTOSCommonHooks.o
 .debug_macro   0x00002b9a      0x11b ./freertos/src/FreeRTOSCommonHooks.o
 .debug_macro   0x00002cb5       0xa9 ./freertos/src/FreeRTOSCommonHooks.o
 .debug_macro   0x00002d5e       0x12 ./freertos/src/FreeRTOSCommonHooks.o
 .debug_macro   0x00002d70       0x1f ./freertos/src/FreeRTOSCommonHooks.o
 .debug_macro   0x00002d8f      0x34c ./freertos/src/FreeRTOSCommonHooks.o
 .debug_macro   0x000030db       0x79 ./freertos/src/FreeRTOSCommonHooks.o
 .debug_macro   0x00003154       0x69 ./freertos/src/FreeRTOSCommonHooks.o
 .debug_macro   0x000031bd      0x2aa ./freertos/src/heap_3.o
 .debug_macro   0x00003467       0x28 ./freertos/src/heap_3.o
 .debug_macro   0x0000348f      0x28f ./freertos/src/list.o
 .debug_macro   0x0000371e      0x2d8 ./freertos/src/port.o
 .debug_macro   0x000039f6      0x20f ./freertos/src/sysinit.o
 .debug_macro   0x00003c05       0x7b ./freertos/src/sysinit.o
 .debug_macro   0x00003c80       0x18 ./freertos/src/sysinit.o
 .debug_macro   0x00003c98      0x33b ./freertos/src/tasks.o
 .debug_macro   0x00003fd3       0x91 ./freertos/src/tasks.o
 .debug_macro   0x00004064       0x17 ./freertos/src/tasks.o
 .debug_macro   0x0000407b      0x1da ./drivers/src/chip_11u6x.o
 .debug_macro   0x00004255      0x1da ./drivers/src/clock_11u6x.o
 .debug_macro   0x0000442f      0x1da ./drivers/src/gpio_11u6x.o
 .debug_macro   0x00004609      0x1da ./drivers/src/iocon_11u6x.o
 .debug_macro   0x000047e3       0x29 ./drivers/src/mtb.o
 .debug_macro   0x0000480c       0x82 ./drivers/src/mtb.o
 .debug_macro   0x0000488e       0x10 ./drivers/src/mtb.o
 .debug_macro   0x0000489e      0x204 ./drivers/src/syscon_11u6x.o
 .debug_macro   0x00004aa2      0x1da ./drivers/src/sysinit_11u6x.o
 .debug_macro   0x00004c7c      0x1da ./drivers/src/uart_0_11u6x.o
 .debug_macro   0x00004e56      0x229 ./board/src/board.o
 .debug_macro   0x0000507f       0x12 ./board/src/board.o
 .debug_macro   0x00005091      0x21d ./board/src/board_sysinit.o
 .debug_macro   0x000052ae       0x23 ./app/src/cr_startup_lpc11u6x.o
 .debug_macro   0x000052d1       0x1a ./app/src/crp.o
 .debug_macro   0x000052eb       0x34 ./app/src/crp.o
 .debug_macro   0x0000531f      0x284 ./app/src/lpc11u6x_freertos_blinky.o
 .debug_macro   0x000055a3       0x10 ./app/src/lpc11u6x_freertos_blinky.o
 .debug_macro   0x000055b3      0x121 ./app/src/lpc11u6x_freertos_blinky.o

.debug_line     0x00000000     0x7a8e
 .debug_line    0x00000000      0x772 ./freertos/src/FreeRTOSCommonHooks.o
 .debug_line    0x00000772      0x6aa ./freertos/src/heap_3.o
 .debug_line    0x00000e1c      0x76d ./freertos/src/list.o
 .debug_line    0x00001589      0x82a ./freertos/src/port.o
 .debug_line    0x00001db3      0x4cf ./freertos/src/sysinit.o
 .debug_line    0x00002282     0x157b ./freertos/src/tasks.o
 .debug_line    0x000037fd      0x4ee ./drivers/src/chip_11u6x.o
 .debug_line    0x00003ceb      0x892 ./drivers/src/clock_11u6x.o
 .debug_line    0x0000457d      0x5c9 ./drivers/src/gpio_11u6x.o
 .debug_line    0x00004b46      0x527 ./drivers/src/iocon_11u6x.o
 .debug_line    0x0000506d       0xd1 ./drivers/src/mtb.o
 .debug_line    0x0000513e      0x50c ./drivers/src/syscon_11u6x.o
 .debug_line    0x0000564a      0x56e ./drivers/src/sysinit_11u6x.o
 .debug_line    0x00005bb8      0x858 ./drivers/src/uart_0_11u6x.o
 .debug_line    0x00006410      0x7b0 ./board/src/board.o
 .debug_line    0x00006bc0      0x535 ./board/src/board_sysinit.o
 .debug_line    0x000070f5       0x69 ./app/src/aeabi_romdiv_patch.o
 .debug_line    0x0000715e      0x15a ./app/src/cr_startup_lpc11u6x.o
 .debug_line    0x000072b8       0xb0 ./app/src/crp.o
 .debug_line    0x00007368      0x726 ./app/src/lpc11u6x_freertos_blinky.o

.debug_str      0x00000000    0x11c1b
 .debug_str     0x00000000     0xd8b2 ./freertos/src/FreeRTOSCommonHooks.o
                               0xd976 (size before relaxing)
 .debug_str     0x0000d8b2      0x103 ./freertos/src/heap_3.o
                               0xd980 (size before relaxing)
 .debug_str     0x0000d9b5      0x139 ./freertos/src/list.o
                               0xd684 (size before relaxing)
 .debug_str     0x0000daee      0x53e ./freertos/src/port.o
                               0xde14 (size before relaxing)
 .debug_str     0x0000e02c       0x50 ./freertos/src/sysinit.o
                               0xaff1 (size before relaxing)
 .debug_str     0x0000e07c     0x1a28 ./freertos/src/tasks.o
                               0xf681 (size before relaxing)
 .debug_str     0x0000faa4      0x6bd ./drivers/src/chip_11u6x.o
                               0xb51f (size before relaxing)
 .debug_str     0x00010161      0x7c7 ./drivers/src/clock_11u6x.o
                               0xb99e (size before relaxing)
 .debug_str     0x00010928      0x15c ./drivers/src/gpio_11u6x.o
                               0xb35e (size before relaxing)
 .debug_str     0x00010a84       0xd2 ./drivers/src/iocon_11u6x.o
                               0xad58 (size before relaxing)
 .debug_str     0x00010b56      0x521 ./drivers/src/mtb.o
                               0x31a3 (size before relaxing)
 .debug_str     0x00011077      0x1ca ./drivers/src/syscon_11u6x.o
                               0xb0f5 (size before relaxing)
 .debug_str     0x00011241      0x138 ./drivers/src/sysinit_11u6x.o
                               0xb174 (size before relaxing)
 .debug_str     0x00011379      0x328 ./drivers/src/uart_0_11u6x.o
                               0xb542 (size before relaxing)
 .debug_str     0x000116a1      0x1e0 ./board/src/board.o
                               0xb46f (size before relaxing)
 .debug_str     0x00011881       0x5e ./board/src/board_sysinit.o
                               0xb7b7 (size before relaxing)
 .debug_str     0x000118df       0x2e ./app/src/aeabi_romdiv_patch.o
                                 0x86 (size before relaxing)
 .debug_str     0x0001190d      0x1be ./app/src/cr_startup_lpc11u6x.o
                               0x2e6c (size before relaxing)
 .debug_str     0x00011acb       0xed ./app/src/crp.o
                               0x2d6a (size before relaxing)
 .debug_str     0x00011bb8       0x63 ./app/src/lpc11u6x_freertos_blinky.o
                               0xd928 (size before relaxing)

.comment        0x00000000       0x49
 .comment       0x00000000       0x49 ./freertos/src/FreeRTOSCommonHooks.o
                                 0x4a (size before relaxing)
 .comment       0x00000049       0x4a ./freertos/src/heap_3.o
 .comment       0x00000049       0x4a ./freertos/src/list.o
 .comment       0x00000049       0x4a ./freertos/src/port.o
 .comment       0x00000049       0x4a ./freertos/src/sysinit.o
 .comment       0x00000049       0x4a ./freertos/src/tasks.o
 .comment       0x00000049       0x4a ./drivers/src/chip_11u6x.o
 .comment       0x00000049       0x4a ./drivers/src/clock_11u6x.o
 .comment       0x00000049       0x4a ./drivers/src/gpio_11u6x.o
 .comment       0x00000049       0x4a ./drivers/src/iocon_11u6x.o
 .comment       0x00000049       0x4a ./drivers/src/mtb.o
 .comment       0x00000049       0x4a ./drivers/src/syscon_11u6x.o
 .comment       0x00000049       0x4a ./drivers/src/sysinit_11u6x.o
 .comment       0x00000049       0x4a ./drivers/src/uart_0_11u6x.o
 .comment       0x00000049       0x4a ./board/src/board.o
 .comment       0x00000049       0x4a ./board/src/board_sysinit.o
 .comment       0x00000049       0x4a ./app/src/cr_startup_lpc11u6x.o
 .comment       0x00000049       0x4a ./app/src/crp.o
 .comment       0x00000049       0x4a ./app/src/lpc11u6x_freertos_blinky.o
 .comment       0x00000049       0x4a e:/mcuxpresso/mcuxpressoide/ide/plugins/com.nxp.mcuxpresso.tools.win32_11.7.0.202209140929/tools/bin/../lib/gcc/arm-none-eabi/10.3.1/../../../../arm-none-eabi/lib/thumb/v6-m/nofp\libcr_c.a(memset.o)
 .comment       0x00000049       0x4a e:/mcuxpresso/mcuxpressoide/ide/plugins/com.nxp.mcuxpresso.tools.win32_11.7.0.202209140929/tools/bin/../lib/gcc/arm-none-eabi/10.3.1/../../../../arm-none-eabi/lib/thumb/v6-m/nofp\libcr_c.a(__weak__main.o)
 .comment       0x00000049       0x4a e:/mcuxpresso/mcuxpressoide/ide/plugins/com.nxp.mcuxpresso.tools.win32_11.7.0.202209140929/tools/bin/../lib/gcc/arm-none-eabi/10.3.1/../../../../arm-none-eabi/lib/thumb/v6-m/nofp\libcr_c.a(alloc.o)
 .comment       0x00000049       0x4a e:/mcuxpresso/mcuxpressoide/ide/plugins/com.nxp.mcuxpresso.tools.win32_11.7.0.202209140929/tools/bin/../lib/gcc/arm-none-eabi/10.3.1/../../../../arm-none-eabi/lib/thumb/v6-m/nofp\libcr_c.a(memcmp.o)
 .comment       0x00000049       0x4a e:/mcuxpresso/mcuxpressoide/ide/plugins/com.nxp.mcuxpresso.tools.win32_11.7.0.202209140929/tools/bin/../lib/gcc/arm-none-eabi/10.3.1/../../../../arm-none-eabi/lib/thumb/v6-m/nofp\libcr_c.a(__init_alloc.o)
 .comment       0x00000049       0x4a e:/mcuxpresso/mcuxpressoide/ide/plugins/com.nxp.mcuxpresso.tools.win32_11.7.0.202209140929/tools/bin/../lib/gcc/arm-none-eabi/10.3.1/../../../../arm-none-eabi/lib/thumb/v6-m/nofp\libcr_c.a(_cr_sbrk.o)
 .comment       0x00000049       0x4a e:/mcuxpresso/mcuxpressoide/ide/plugins/com.nxp.mcuxpresso.tools.win32_11.7.0.202209140929/tools/bin/../lib/gcc/arm-none-eabi/10.3.1/../../../../arm-none-eabi/lib/thumb/v6-m/nofp\libcr_c.a(errno.o)
 .comment       0x00000049       0x4a e:/mcuxpresso/mcuxpressoide/ide/plugins/com.nxp.mcuxpresso.tools.win32_11.7.0.202209140929/tools/bin/../lib/gcc/arm-none-eabi/10.3.1/../../../../arm-none-eabi/lib/thumb/v6-m/nofp\libcr_c.a(_cr_check_heap.o)

.ARM.attributes
                0x00000000       0x2a
 .ARM.attributes
                0x00000000       0x2c ./freertos/src/FreeRTOSCommonHooks.o
 .ARM.attributes
                0x0000002c       0x2c ./freertos/src/heap_3.o
 .ARM.attributes
                0x00000058       0x2c ./freertos/src/list.o
 .ARM.attributes
                0x00000084       0x2c ./freertos/src/port.o
 .ARM.attributes
                0x000000b0       0x2c ./freertos/src/sysinit.o
 .ARM.attributes
                0x000000dc       0x2c ./freertos/src/tasks.o
 .ARM.attributes
                0x00000108       0x2c ./drivers/src/chip_11u6x.o
 .ARM.attributes
                0x00000134       0x2c ./drivers/src/clock_11u6x.o
 .ARM.attributes
                0x00000160       0x2c ./drivers/src/gpio_11u6x.o
 .ARM.attributes
                0x0000018c       0x2c ./drivers/src/iocon_11u6x.o
 .ARM.attributes
                0x000001b8       0x2c ./drivers/src/mtb.o
 .ARM.attributes
                0x000001e4       0x2c ./drivers/src/syscon_11u6x.o
 .ARM.attributes
                0x00000210       0x2c ./drivers/src/sysinit_11u6x.o
 .ARM.attributes
                0x0000023c       0x2c ./drivers/src/uart_0_11u6x.o
 .ARM.attributes
                0x00000268       0x2c ./board/src/board.o
 .ARM.attributes
                0x00000294       0x2c ./board/src/board_sysinit.o
 .ARM.attributes
                0x000002c0       0x1c ./app/src/aeabi_romdiv_patch.o
 .ARM.attributes
                0x000002dc       0x2c ./app/src/cr_startup_lpc11u6x.o
 .ARM.attributes
                0x00000308       0x2c ./app/src/crp.o
 .ARM.attributes
                0x00000334       0x2c ./app/src/lpc11u6x_freertos_blinky.o
 .ARM.attributes
                0x00000360       0x2c e:/mcuxpresso/mcuxpressoide/ide/plugins/com.nxp.mcuxpresso.tools.win32_11.7.0.202209140929/tools/bin/../lib/gcc/arm-none-eabi/10.3.1/../../../../arm-none-eabi/lib/thumb/v6-m/nofp\libcr_c.a(memset.o)
 .ARM.attributes
                0x0000038c       0x2c e:/mcuxpresso/mcuxpressoide/ide/plugins/com.nxp.mcuxpresso.tools.win32_11.7.0.202209140929/tools/bin/../lib/gcc/arm-none-eabi/10.3.1/../../../../arm-none-eabi/lib/thumb/v6-m/nofp\libcr_c.a(__weak__main.o)
 .ARM.attributes
                0x000003b8       0x2c e:/mcuxpresso/mcuxpressoide/ide/plugins/com.nxp.mcuxpresso.tools.win32_11.7.0.202209140929/tools/bin/../lib/gcc/arm-none-eabi/10.3.1/../../../../arm-none-eabi/lib/thumb/v6-m/nofp\libcr_c.a(alloc.o)
 .ARM.attributes
                0x000003e4       0x2c e:/mcuxpresso/mcuxpressoide/ide/plugins/com.nxp.mcuxpresso.tools.win32_11.7.0.202209140929/tools/bin/../lib/gcc/arm-none-eabi/10.3.1/../../../../arm-none-eabi/lib/thumb/v6-m/nofp\libcr_c.a(memcmp.o)
 .ARM.attributes
                0x00000410       0x2c e:/mcuxpresso/mcuxpressoide/ide/plugins/com.nxp.mcuxpresso.tools.win32_11.7.0.202209140929/tools/bin/../lib/gcc/arm-none-eabi/10.3.1/../../../../arm-none-eabi/lib/thumb/v6-m/nofp\libcr_c.a(__init_alloc.o)
 .ARM.attributes
                0x0000043c       0x2c e:/mcuxpresso/mcuxpressoide/ide/plugins/com.nxp.mcuxpresso.tools.win32_11.7.0.202209140929/tools/bin/../lib/gcc/arm-none-eabi/10.3.1/../../../../arm-none-eabi/lib/thumb/v6-m/nofp\libcr_c.a(_cr_sbrk.o)
 .ARM.attributes
                0x00000468       0x2c e:/mcuxpresso/mcuxpressoide/ide/plugins/com.nxp.mcuxpresso.tools.win32_11.7.0.202209140929/tools/bin/../lib/gcc/arm-none-eabi/10.3.1/../../../../arm-none-eabi/lib/thumb/v6-m/nofp\libcr_c.a(errno.o)
 .ARM.attributes
                0x00000494       0x2c e:/mcuxpresso/mcuxpressoide/ide/plugins/com.nxp.mcuxpresso.tools.win32_11.7.0.202209140929/tools/bin/../lib/gcc/arm-none-eabi/10.3.1/../../../../arm-none-eabi/lib/thumb/v6-m/nofp\libcr_c.a(_cr_check_heap.o)
 .ARM.attributes
                0x000004c0       0x1c e:/mcuxpresso/mcuxpressoide/ide/plugins/com.nxp.mcuxpresso.tools.win32_11.7.0.202209140929/tools/bin/../lib/gcc/arm-none-eabi/10.3.1/thumb/v6-m/nofp\libcr_eabihelpers.a(memcpy.o)

.debug_frame    0x00000000     0x190c
 .debug_frame   0x00000000       0xa4 ./freertos/src/FreeRTOSCommonHooks.o
 .debug_frame   0x000000a4       0x50 ./freertos/src/heap_3.o
 .debug_frame   0x000000f4       0xb0 ./freertos/src/list.o
 .debug_frame   0x000001a4      0x170 ./freertos/src/port.o
 .debug_frame   0x00000314       0x2c ./freertos/src/sysinit.o
 .debug_frame   0x00000340      0x5c0 ./freertos/src/tasks.o
 .debug_frame   0x00000900       0xa4 ./drivers/src/chip_11u6x.o
 .debug_frame   0x000009a4      0x394 ./drivers/src/clock_11u6x.o
 .debug_frame   0x00000d38      0x190 ./drivers/src/gpio_11u6x.o
 .debug_frame   0x00000ec8       0x70 ./drivers/src/iocon_11u6x.o
 .debug_frame   0x00000f38       0xb0 ./drivers/src/syscon_11u6x.o
 .debug_frame   0x00000fe8       0xe4 ./drivers/src/sysinit_11u6x.o
 .debug_frame   0x000010cc      0x350 ./drivers/src/uart_0_11u6x.o
 .debug_frame   0x0000141c      0x2a8 ./board/src/board.o
 .debug_frame   0x000016c4       0x84 ./board/src/board_sysinit.o
 .debug_frame   0x00001748      0x118 ./app/src/cr_startup_lpc11u6x.o
 .debug_frame   0x00001860       0xac ./app/src/lpc11u6x_freertos_blinky.o

Cross Reference Table

Symbol                                            File
ADCA_IRQHandler                                   ./app/src/cr_startup_lpc11u6x.o
ADCB_IRQHandler                                   ./app/src/cr_startup_lpc11u6x.o
BOD_WDT_IRQHandler                                ./app/src/cr_startup_lpc11u6x.o
Board_Debug_Init                                  ./board/src/board.o
Board_Init                                        ./board/src/board.o
                                                  ./app/src/lpc11u6x_freertos_blinky.o
Board_Joystick_Init                               ./board/src/board.o
Board_LED_Set                                     ./board/src/board.o
                                                  ./app/src/lpc11u6x_freertos_blinky.o
Board_LED_Test                                    ./board/src/board.o
Board_LED_Toggle                                  ./board/src/board.o
Board_SetupClocking                               ./board/src/board_sysinit.o
Board_SetupMuxing                                 ./board/src/board_sysinit.o
Board_SystemInit                                  ./board/src/board_sysinit.o
                                                  ./freertos/src/sysinit.o
Board_UARTGetChar                                 ./board/src/board.o
Board_UARTPutChar                                 ./board/src/board.o
Board_UARTPutSTR                                  ./board/src/board.o
CRP_WORD                                          ./app/src/crp.o
Chip_ADC_ClearIntBits                             ./drivers/src/adc_11u6x.o
Chip_ADC_ClearSequencerBits                       ./drivers/src/adc_11u6x.o
Chip_ADC_ClearTHRSELBits                          ./drivers/src/adc_11u6x.o
Chip_ADC_DeInit                                   ./drivers/src/adc_11u6x.o
Chip_ADC_DisableInt                               ./drivers/src/adc_11u6x.o
Chip_ADC_EnableInt                                ./drivers/src/adc_11u6x.o
Chip_ADC_Init                                     ./drivers/src/adc_11u6x.o
Chip_ADC_IsCalibrationDone                        ./drivers/src/adc_11u6x.o
Chip_ADC_SelectTH0Channels                        ./drivers/src/adc_11u6x.o
Chip_ADC_SelectTH1Channels                        ./drivers/src/adc_11u6x.o
Chip_ADC_SetClockRate                             ./drivers/src/adc_11u6x.o
Chip_ADC_SetIntBits                               ./drivers/src/adc_11u6x.o
Chip_ADC_SetSequencerBits                         ./drivers/src/adc_11u6x.o
Chip_ADC_SetTHRSELBits                            ./drivers/src/adc_11u6x.o
Chip_ADC_SetThresholdInt                          ./drivers/src/adc_11u6x.o
Chip_ADC_StartCalibration                         ./drivers/src/adc_11u6x.o
Chip_CRC_CRC16                                    ./drivers/src/crc_11u6x.o
Chip_CRC_CRC32                                    ./drivers/src/crc_11u6x.o
Chip_CRC_CRC8                                     ./drivers/src/crc_11u6x.o
Chip_CRC_Deinit                                   ./drivers/src/crc_11u6x.o
Chip_CRC_Init                                     ./drivers/src/crc_11u6x.o
Chip_CRC_UseDefaultConfig                         ./drivers/src/crc_11u6x.o
Chip_Clock_GetMainClockRate                       ./drivers/src/clock_11u6x.o
                                                  ./drivers/src/uart_0_11u6x.o
                                                  ./drivers/src/ssp_11u6x.o
                                                  ./drivers/src/i2cm_11u6x.o
                                                  ./drivers/src/i2c_11u6x.o
Chip_Clock_GetSystemClockRate                     ./drivers/src/clock_11u6x.o
                                                  ./drivers/src/stopwatch_11u6x.o
                                                  ./drivers/src/chip_11u6x.o
                                                  ./drivers/src/adc_11u6x.o
Chip_Clock_GetSystemPLLInClockRate                ./drivers/src/clock_11u6x.o
Chip_Clock_GetSystemPLLOutClockRate               ./drivers/src/clock_11u6x.o
Chip_Clock_GetUSARTNBaseClockRate                 ./drivers/src/clock_11u6x.o
                                                  ./drivers/src/uart_n_11u6x.o
Chip_Clock_GetUSBPLLInClockRate                   ./drivers/src/clock_11u6x.o
Chip_Clock_GetUSBPLLOutClockRate                  ./drivers/src/clock_11u6x.o
Chip_Clock_GetWDTOSCRate                          ./drivers/src/clock_11u6x.o
Chip_Clock_SetCLKOUTSource                        ./drivers/src/clock_11u6x.o
Chip_Clock_SetMainClockSource                     ./drivers/src/clock_11u6x.o
                                                  ./drivers/src/sysinit_11u6x.o
Chip_Clock_SetPLLBypass                           ./drivers/src/clock_11u6x.o
Chip_Clock_SetSystemPLLSource                     ./drivers/src/clock_11u6x.o
                                                  ./drivers/src/sysinit_11u6x.o
Chip_Clock_SetUSARTNBaseClockRate                 ./drivers/src/clock_11u6x.o
Chip_Clock_SetUSBClockSource                      ./drivers/src/clock_11u6x.o
                                                  ./drivers/src/chip_11u6x.o
Chip_Clock_SetUSBPLLSource                        ./drivers/src/clock_11u6x.o
                                                  ./drivers/src/chip_11u6x.o
Chip_DMA_ClearTranBits                            ./drivers/src/dma_11u6x.o
Chip_DMA_SetTranBits                              ./drivers/src/dma_11u6x.o
Chip_DMA_SetupChannelTransferSize                 ./drivers/src/dma_11u6x.o
Chip_DMA_SetupTranChannel                         ./drivers/src/dma_11u6x.o
Chip_DMA_Table                                    ./drivers/src/dma_11u6x.o
Chip_EEPROM_Read                                  ./drivers/src/eeprom.o
Chip_EEPROM_Write                                 ./drivers/src/eeprom.o
Chip_GPIO_DeInit                                  ./drivers/src/gpio_11u6x.o
Chip_GPIO_Init                                    ./drivers/src/gpio_11u6x.o
                                                  ./board/src/board.o
Chip_GPIO_SetDir                                  ./drivers/src/gpio_11u6x.o
Chip_GPIO_SetPinDIR                               ./drivers/src/gpio_11u6x.o
Chip_GPIO_SetPortDIR                              ./drivers/src/gpio_11u6x.o
Chip_GPIO_WriteDirBit                             ./drivers/src/gpio_11u6x.o
Chip_I2CM_DeInit                                  ./drivers/src/i2cm_11u6x.o
Chip_I2CM_Init                                    ./drivers/src/i2cm_11u6x.o
Chip_I2CM_SetBusSpeed                             ./drivers/src/i2cm_11u6x.o
Chip_I2CM_Xfer                                    ./drivers/src/i2cm_11u6x.o
Chip_I2CM_XferBlocking                            ./drivers/src/i2cm_11u6x.o
Chip_I2CM_XferHandler                             ./drivers/src/i2cm_11u6x.o
Chip_I2C_DeInit                                   ./drivers/src/i2c_11u6x.o
Chip_I2C_Disable                                  ./drivers/src/i2c_11u6x.o
Chip_I2C_EventHandler                             ./drivers/src/i2c_11u6x.o
Chip_I2C_EventHandlerPolling                      ./drivers/src/i2c_11u6x.o
Chip_I2C_GetClockRate                             ./drivers/src/i2c_11u6x.o
Chip_I2C_GetMasterEventHandler                    ./drivers/src/i2c_11u6x.o
Chip_I2C_Init                                     ./drivers/src/i2c_11u6x.o
Chip_I2C_IsMasterActive                           ./drivers/src/i2c_11u6x.o
Chip_I2C_IsStateChanged                           ./drivers/src/i2c_11u6x.o
Chip_I2C_MasterCmdRead                            ./drivers/src/i2c_11u6x.o
Chip_I2C_MasterRead                               ./drivers/src/i2c_11u6x.o
Chip_I2C_MasterSend                               ./drivers/src/i2c_11u6x.o
Chip_I2C_MasterStateHandler                       ./drivers/src/i2c_11u6x.o
Chip_I2C_MasterTransfer                           ./drivers/src/i2c_11u6x.o
Chip_I2C_SetClockRate                             ./drivers/src/i2c_11u6x.o
Chip_I2C_SetMasterEventHandler                    ./drivers/src/i2c_11u6x.o
Chip_I2C_SlaveSetup                               ./drivers/src/i2c_11u6x.o
Chip_I2C_SlaveStateHandler                        ./drivers/src/i2c_11u6x.o
Chip_IAP_BlankCheckSector                         ./drivers/src/iap.o
Chip_IAP_Compare                                  ./drivers/src/iap.o
Chip_IAP_CopyRamToFlash                           ./drivers/src/iap.o
Chip_IAP_ErasePage                                ./drivers/src/iap.o
Chip_IAP_EraseSector                              ./drivers/src/iap.o
Chip_IAP_PreSectorForReadWrite                    ./drivers/src/iap.o
Chip_IAP_ReadBootCode                             ./drivers/src/iap.o
Chip_IAP_ReadPID                                  ./drivers/src/iap.o
Chip_IAP_ReadUID                                  ./drivers/src/iap.o
Chip_IAP_ReinvokeISP                              ./drivers/src/iap.o
Chip_IOCON_GetPinMux                              ./drivers/src/iocon_11u6x.o
Chip_IOCON_PinMuxSet                              ./drivers/src/iocon_11u6x.o
Chip_IOCON_SetPinMuxing                           ./drivers/src/iocon_11u6x.o
                                                  ./board/src/board_sysinit.o
Chip_PININT_SetPatternMatchConfig                 ./drivers/src/pinint_11u6x.o
Chip_PININT_SetPatternMatchSrc                    ./drivers/src/pinint_11u6x.o
Chip_PMU_DeepPowerDownState                       ./drivers/src/pmu_11u6x.o
Chip_PMU_DeepSleepState                           ./drivers/src/pmu_11u6x.o
Chip_PMU_PowerDownState                           ./drivers/src/pmu_11u6x.o
Chip_PMU_Sleep                                    ./drivers/src/pmu_11u6x.o
Chip_PMU_SleepState                               ./drivers/src/pmu_11u6x.o
Chip_RTC_DeInit                                   ./drivers/src/rtc_11u6x.o
Chip_RTC_Init                                     ./drivers/src/rtc_11u6x.o
Chip_SCT_DeInit                                   ./drivers/src/sct_11u6x.o
Chip_SCT_Init                                     ./drivers/src/sct_11u6x.o
Chip_SCT_SetClrControl                            ./drivers/src/sct_11u6x.o
Chip_SCT_SetConflictResolution                    ./drivers/src/sct_11u6x.o
Chip_SSP_DeInit                                   ./drivers/src/ssp_11u6x.o
Chip_SSP_Init                                     ./drivers/src/ssp_11u6x.o
Chip_SSP_Int_FlushData                            ./drivers/src/ssp_11u6x.o
Chip_SSP_Int_RWFrames16Bits                       ./drivers/src/ssp_11u6x.o
Chip_SSP_Int_RWFrames8Bits                        ./drivers/src/ssp_11u6x.o
Chip_SSP_RWFrames_Blocking                        ./drivers/src/ssp_11u6x.o
Chip_SSP_ReadFrames_Blocking                      ./drivers/src/ssp_11u6x.o
Chip_SSP_SetBitRate                               ./drivers/src/ssp_11u6x.o
Chip_SSP_SetClockRate                             ./drivers/src/ssp_11u6x.o
Chip_SSP_SetMaster                                ./drivers/src/ssp_11u6x.o
Chip_SSP_WriteFrames_Blocking                     ./drivers/src/ssp_11u6x.o
Chip_SYSCTL_PowerDown                             ./drivers/src/syscon_11u6x.o
                                                  ./drivers/src/sysinit_11u6x.o
                                                  ./drivers/src/adc_11u6x.o
Chip_SYSCTL_PowerUp                               ./drivers/src/syscon_11u6x.o
                                                  ./drivers/src/sysinit_11u6x.o
                                                  ./drivers/src/chip_11u6x.o
                                                  ./drivers/src/adc_11u6x.o
Chip_SYSCTL_SetDeepSleepPD                        ./drivers/src/syscon_11u6x.o
Chip_SYSCTL_SetPinInterrupt                       ./drivers/src/syscon_11u6x.o
Chip_SYSCTL_SetWakeup                             ./drivers/src/syscon_11u6x.o
Chip_SetupIrcClocking                             ./drivers/src/sysinit_11u6x.o
Chip_SetupXtalClocking                            ./drivers/src/sysinit_11u6x.o
                                                  ./board/src/board_sysinit.o
Chip_SystemInit                                   ./drivers/src/sysinit_11u6x.o
Chip_TIMER_DeInit                                 ./drivers/src/timer_11u6x.o
Chip_TIMER_ExtMatchControlSet                     ./drivers/src/timer_11u6x.o
Chip_TIMER_Init                                   ./drivers/src/timer_11u6x.o
                                                  ./drivers/src/stopwatch_11u6x.o
Chip_TIMER_Reset                                  ./drivers/src/timer_11u6x.o
Chip_UART0_DeInit                                 ./drivers/src/uart_0_11u6x.o
Chip_UART0_IRQRBHandler                           ./drivers/src/uart_0_11u6x.o
Chip_UART0_Init                                   ./drivers/src/uart_0_11u6x.o
                                                  ./board/src/board.o
Chip_UART0_RXIntHandlerRB                         ./drivers/src/uart_0_11u6x.o
Chip_UART0_Read                                   ./drivers/src/uart_0_11u6x.o
                                                  ./board/src/board.o
Chip_UART0_ReadBlocking                           ./drivers/src/uart_0_11u6x.o
Chip_UART0_ReadRB                                 ./drivers/src/uart_0_11u6x.o
Chip_UART0_Send                                   ./drivers/src/uart_0_11u6x.o
Chip_UART0_SendBlocking                           ./drivers/src/uart_0_11u6x.o
                                                  ./board/src/board.o
Chip_UART0_SendRB                                 ./drivers/src/uart_0_11u6x.o
Chip_UART0_SetBaud                                ./drivers/src/uart_0_11u6x.o
                                                  ./board/src/board.o
Chip_UART0_SetBaudFDR                             ./drivers/src/uart_0_11u6x.o
Chip_UART0_TXIntHandlerRB                         ./drivers/src/uart_0_11u6x.o
Chip_UARTN_DeInit                                 ./drivers/src/uart_n_11u6x.o
Chip_UARTN_IRQRBHandler                           ./drivers/src/uart_n_11u6x.o
Chip_UARTN_Init                                   ./drivers/src/uart_n_11u6x.o
Chip_UARTN_RXIntHandlerRB                         ./drivers/src/uart_n_11u6x.o
Chip_UARTN_Read                                   ./drivers/src/uart_n_11u6x.o
Chip_UARTN_ReadBlocking                           ./drivers/src/uart_n_11u6x.o
Chip_UARTN_ReadRB                                 ./drivers/src/uart_n_11u6x.o
Chip_UARTN_Send                                   ./drivers/src/uart_n_11u6x.o
Chip_UARTN_SendBlocking                           ./drivers/src/uart_n_11u6x.o
Chip_UARTN_SendRB                                 ./drivers/src/uart_n_11u6x.o
Chip_UARTN_SetBaud                                ./drivers/src/uart_n_11u6x.o
Chip_UARTN_SetBaudWithRTC32K                      ./drivers/src/uart_n_11u6x.o
Chip_UARTN_TXIntHandlerRB                         ./drivers/src/uart_n_11u6x.o
Chip_USB_Init                                     ./drivers/src/chip_11u6x.o
Chip_WWDT_ClearStatusFlag                         ./drivers/src/wwdt_11u6x.o
Chip_WWDT_DeInit                                  ./drivers/src/wwdt_11u6x.o
Chip_WWDT_Init                                    ./drivers/src/wwdt_11u6x.o
DMA_IRQHandler                                    ./app/src/cr_startup_lpc11u6x.o
FMC_IRQHandler                                    ./app/src/cr_startup_lpc11u6x.o
FreeRTOSDelay                                     ./freertos/src/FreeRTOSCommonHooks.o
GINT0_IRQHandler                                  ./app/src/cr_startup_lpc11u6x.o
GINT1_IRQHandler                                  ./app/src/cr_startup_lpc11u6x.o
HardFault_Handler                                 ./app/src/cr_startup_lpc11u6x.o
I2C0_IRQHandler                                   ./app/src/cr_startup_lpc11u6x.o
I2C1_IRQHandler                                   ./app/src/cr_startup_lpc11u6x.o
IntDefaultHandler                                 ./app/src/cr_startup_lpc11u6x.o
Joystick_GetStatus                                ./board/src/board.o
NMI_Handler                                       ./app/src/cr_startup_lpc11u6x.o
OscRateIn                                         ./board/src/board.o
                                                  ./drivers/src/clock_11u6x.o
PIN_INT0_IRQHandler                               ./app/src/cr_startup_lpc11u6x.o
PIN_INT1_IRQHandler                               ./app/src/cr_startup_lpc11u6x.o
PIN_INT2_IRQHandler                               ./app/src/cr_startup_lpc11u6x.o
PIN_INT3_IRQHandler                               ./app/src/cr_startup_lpc11u6x.o
PIN_INT4_IRQHandler                               ./app/src/cr_startup_lpc11u6x.o
PIN_INT5_IRQHandler                               ./app/src/cr_startup_lpc11u6x.o
PIN_INT6_IRQHandler                               ./app/src/cr_startup_lpc11u6x.o
PIN_INT7_IRQHandler                               ./app/src/cr_startup_lpc11u6x.o
PendSV_Handler                                    ./freertos/src/port.o
RTCOscRateIn                                      ./board/src/board.o
                                                  ./drivers/src/clock_11u6x.o
RTC_IRQHandler                                    ./app/src/cr_startup_lpc11u6x.o
ResetISR                                          ./app/src/cr_startup_lpc11u6x.o
RingBuffer_Init                                   ./drivers/src/ring_buffer.o
RingBuffer_Insert                                 ./drivers/src/ring_buffer.o
                                                  ./drivers/src/uart_n_11u6x.o
                                                  ./drivers/src/uart_0_11u6x.o
RingBuffer_InsertMult                             ./drivers/src/ring_buffer.o
                                                  ./drivers/src/uart_n_11u6x.o
                                                  ./drivers/src/uart_0_11u6x.o
RingBuffer_Pop                                    ./drivers/src/ring_buffer.o
                                                  ./drivers/src/uart_n_11u6x.o
                                                  ./drivers/src/uart_0_11u6x.o
RingBuffer_PopMult                                ./drivers/src/ring_buffer.o
                                                  ./drivers/src/uart_n_11u6x.o
                                                  ./drivers/src/uart_0_11u6x.o
SCT0_1_IRQHandler                                 ./app/src/cr_startup_lpc11u6x.o
SSP0_IRQHandler                                   ./app/src/cr_startup_lpc11u6x.o
SSP1_IRQHandler                                   ./app/src/cr_startup_lpc11u6x.o
SVC_Handler                                       ./freertos/src/port.o
StopWatch_Init                                    ./drivers/src/stopwatch_11u6x.o
StopWatch_MsToTicks                               ./drivers/src/stopwatch_11u6x.o
StopWatch_Start                                   ./drivers/src/stopwatch_11u6x.o
StopWatch_TicksPerSecond                          ./drivers/src/stopwatch_11u6x.o
StopWatch_TicksToMs                               ./drivers/src/stopwatch_11u6x.o
StopWatch_TicksToUs                               ./drivers/src/stopwatch_11u6x.o
StopWatch_UsToTicks                               ./drivers/src/stopwatch_11u6x.o
SysTick_Handler                                   ./freertos/src/port.o
SystemCoreClock                                   ./drivers/src/chip_11u6x.o
                                                  ./drivers/src/iap.o
                                                  ./drivers/src/eeprom.o
                                                  ./freertos/src/port.o
SystemCoreClockUpdate                             ./drivers/src/chip_11u6x.o
                                                  ./app/src/lpc11u6x_freertos_blinky.o
SystemInit                                        ./freertos/src/sysinit.o
                                                  ./app/src/cr_startup_lpc11u6x.o
TIMER16_0_IRQHandler                              ./app/src/cr_startup_lpc11u6x.o
TIMER16_1_IRQHandler                              ./app/src/cr_startup_lpc11u6x.o
TIMER32_0_IRQHandler                              ./app/src/cr_startup_lpc11u6x.o
TIMER32_1_IRQHandler                              ./app/src/cr_startup_lpc11u6x.o
USART0_IRQHandler                                 ./app/src/cr_startup_lpc11u6x.o
USART1_4_IRQHandler                               ./app/src/cr_startup_lpc11u6x.o
USART2_3_IRQHandler                               ./app/src/cr_startup_lpc11u6x.o
USBWakeup_IRQHandler                              ./app/src/cr_startup_lpc11u6x.o
USB_FIQHandler                                    ./app/src/cr_startup_lpc11u6x.o
USB_IRQHandler                                    ./app/src/cr_startup_lpc11u6x.o
_Csys_alloc                                       e:/mcuxpresso/mcuxpressoide/ide/plugins/com.nxp.mcuxpresso.tools.win32_11.7.0.202209140929/tools/bin/../lib/gcc/arm-none-eabi/10.3.1/../../../../arm-none-eabi/lib/thumb/v6-m/nofp\libcr_c.a(alloc.o)
__aeabi_idiv                                      ./app/src/aeabi_romdiv_patch.o
__aeabi_idiv0                                     e:/mcuxpresso/mcuxpressoide/ide/plugins/com.nxp.mcuxpresso.tools.win32_11.7.0.202209140929/tools/bin/../lib/gcc/arm-none-eabi/10.3.1/thumb/v6-m/nofp\libcr_eabihelpers.a(division_idiv0.o)
                                                  e:/mcuxpresso/mcuxpressoide/ide/plugins/com.nxp.mcuxpresso.tools.win32_11.7.0.202209140929/tools/bin/../lib/gcc/arm-none-eabi/10.3.1/thumb/v6-m/nofp\libcr_eabihelpers.a(division_64.o)
__aeabi_idivmod                                   ./app/src/aeabi_romdiv_patch.o
__aeabi_ldivmod                                   e:/mcuxpresso/mcuxpressoide/ide/plugins/com.nxp.mcuxpresso.tools.win32_11.7.0.202209140929/tools/bin/../lib/gcc/arm-none-eabi/10.3.1/thumb/v6-m/nofp\libcr_eabihelpers.a(division_64.o)
__aeabi_lowlevel_memset                           e:/mcuxpresso/mcuxpressoide/ide/plugins/com.nxp.mcuxpresso.tools.win32_11.7.0.202209140929/tools/bin/../lib/gcc/arm-none-eabi/10.3.1/thumb/v6-m/nofp\libcr_eabihelpers.a(memcpy.o)
                                                  e:/mcuxpresso/mcuxpressoide/ide/plugins/com.nxp.mcuxpresso.tools.win32_11.7.0.202209140929/tools/bin/../lib/gcc/arm-none-eabi/10.3.1/../../../../arm-none-eabi/lib/thumb/v6-m/nofp\libcr_c.a(memset.o)
__aeabi_memclr                                    e:/mcuxpresso/mcuxpressoide/ide/plugins/com.nxp.mcuxpresso.tools.win32_11.7.0.202209140929/tools/bin/../lib/gcc/arm-none-eabi/10.3.1/thumb/v6-m/nofp\libcr_eabihelpers.a(memcpy.o)
__aeabi_memclr4                                   e:/mcuxpresso/mcuxpressoide/ide/plugins/com.nxp.mcuxpresso.tools.win32_11.7.0.202209140929/tools/bin/../lib/gcc/arm-none-eabi/10.3.1/thumb/v6-m/nofp\libcr_eabihelpers.a(memcpy.o)
__aeabi_memclr8                                   e:/mcuxpresso/mcuxpressoide/ide/plugins/com.nxp.mcuxpresso.tools.win32_11.7.0.202209140929/tools/bin/../lib/gcc/arm-none-eabi/10.3.1/thumb/v6-m/nofp\libcr_eabihelpers.a(memcpy.o)
__aeabi_memcpy                                    e:/mcuxpresso/mcuxpressoide/ide/plugins/com.nxp.mcuxpresso.tools.win32_11.7.0.202209140929/tools/bin/../lib/gcc/arm-none-eabi/10.3.1/thumb/v6-m/nofp\libcr_eabihelpers.a(memcpy.o)
                                                  e:/mcuxpresso/mcuxpressoide/ide/plugins/com.nxp.mcuxpresso.tools.win32_11.7.0.202209140929/tools/bin/../lib/gcc/arm-none-eabi/10.3.1/../../../../arm-none-eabi/lib/thumb/v6-m/nofp\libcr_c.a(memcpy.o)
__aeabi_memcpy4                                   e:/mcuxpresso/mcuxpressoide/ide/plugins/com.nxp.mcuxpresso.tools.win32_11.7.0.202209140929/tools/bin/../lib/gcc/arm-none-eabi/10.3.1/thumb/v6-m/nofp\libcr_eabihelpers.a(memcpy.o)
__aeabi_memcpy8                                   e:/mcuxpresso/mcuxpressoide/ide/plugins/com.nxp.mcuxpresso.tools.win32_11.7.0.202209140929/tools/bin/../lib/gcc/arm-none-eabi/10.3.1/thumb/v6-m/nofp\libcr_eabihelpers.a(memcpy.o)
__aeabi_memmove                                   e:/mcuxpresso/mcuxpressoide/ide/plugins/com.nxp.mcuxpresso.tools.win32_11.7.0.202209140929/tools/bin/../lib/gcc/arm-none-eabi/10.3.1/thumb/v6-m/nofp\libcr_eabihelpers.a(memcpy.o)
__aeabi_memmove4                                  e:/mcuxpresso/mcuxpressoide/ide/plugins/com.nxp.mcuxpresso.tools.win32_11.7.0.202209140929/tools/bin/../lib/gcc/arm-none-eabi/10.3.1/thumb/v6-m/nofp\libcr_eabihelpers.a(memcpy.o)
__aeabi_memmove8                                  e:/mcuxpresso/mcuxpressoide/ide/plugins/com.nxp.mcuxpresso.tools.win32_11.7.0.202209140929/tools/bin/../lib/gcc/arm-none-eabi/10.3.1/thumb/v6-m/nofp\libcr_eabihelpers.a(memcpy.o)
__aeabi_memset                                    e:/mcuxpresso/mcuxpressoide/ide/plugins/com.nxp.mcuxpresso.tools.win32_11.7.0.202209140929/tools/bin/../lib/gcc/arm-none-eabi/10.3.1/thumb/v6-m/nofp\libcr_eabihelpers.a(memcpy.o)
__aeabi_memset4                                   e:/mcuxpresso/mcuxpressoide/ide/plugins/com.nxp.mcuxpresso.tools.win32_11.7.0.202209140929/tools/bin/../lib/gcc/arm-none-eabi/10.3.1/thumb/v6-m/nofp\libcr_eabihelpers.a(memcpy.o)
__aeabi_memset8                                   e:/mcuxpresso/mcuxpressoide/ide/plugins/com.nxp.mcuxpresso.tools.win32_11.7.0.202209140929/tools/bin/../lib/gcc/arm-none-eabi/10.3.1/thumb/v6-m/nofp\libcr_eabihelpers.a(memcpy.o)
__aeabi_uidiv                                     ./app/src/aeabi_romdiv_patch.o
                                                  ./drivers/src/uart_n_11u6x.o
                                                  ./drivers/src/uart_0_11u6x.o
                                                  ./drivers/src/stopwatch_11u6x.o
                                                  ./drivers/src/ssp_11u6x.o
                                                  ./drivers/src/iap.o
                                                  ./drivers/src/i2cm_11u6x.o
                                                  ./drivers/src/i2c_11u6x.o
                                                  ./drivers/src/eeprom.o
                                                  ./drivers/src/clock_11u6x.o
                                                  ./drivers/src/adc_11u6x.o
                                                  ./freertos/src/port.o
__aeabi_uidivmod                                  ./app/src/aeabi_romdiv_patch.o
                                                  ./drivers/src/uart_0_11u6x.o
__aeabi_uldivmod                                  e:/mcuxpresso/mcuxpressoide/ide/plugins/com.nxp.mcuxpresso.tools.win32_11.7.0.202209140929/tools/bin/../lib/gcc/arm-none-eabi/10.3.1/thumb/v6-m/nofp\libcr_eabihelpers.a(division_64.o)
                                                  ./drivers/src/clock_11u6x.o
__bss_section_table_end                           ./app/src/cr_startup_lpc11u6x.o
__check_heap_overflow                             e:/mcuxpresso/mcuxpressoide/ide/plugins/com.nxp.mcuxpresso.tools.win32_11.7.0.202209140929/tools/bin/../lib/gcc/arm-none-eabi/10.3.1/../../../../arm-none-eabi/lib/thumb/v6-m/nofp\libcr_c.a(_cr_check_heap.o)
                                                  e:/mcuxpresso/mcuxpressoide/ide/plugins/com.nxp.mcuxpresso.tools.win32_11.7.0.202209140929/tools/bin/../lib/gcc/arm-none-eabi/10.3.1/../../../../arm-none-eabi/lib/thumb/v6-m/nofp\libcr_c.a(_cr_sbrk.o)
__data_section_table                              ./app/src/cr_startup_lpc11u6x.o
__data_section_table_end                          ./app/src/cr_startup_lpc11u6x.o
__end_of_heap                                     e:/mcuxpresso/mcuxpressoide/ide/plugins/com.nxp.mcuxpresso.tools.win32_11.7.0.202209140929/tools/bin/../lib/gcc/arm-none-eabi/10.3.1/../../../../arm-none-eabi/lib/thumb/v6-m/nofp\libcr_c.a(__init_alloc.o)
                                                  e:/mcuxpresso/mcuxpressoide/ide/plugins/com.nxp.mcuxpresso.tools.win32_11.7.0.202209140929/tools/bin/../lib/gcc/arm-none-eabi/10.3.1/../../../../arm-none-eabi/lib/thumb/v6-m/nofp\libcr_c.a(_cr_sbrk.o)
__heaps                                           e:/mcuxpresso/mcuxpressoide/ide/plugins/com.nxp.mcuxpresso.tools.win32_11.7.0.202209140929/tools/bin/../lib/gcc/arm-none-eabi/10.3.1/../../../../arm-none-eabi/lib/thumb/v6-m/nofp\libcr_c.a(__init_alloc.o)
                                                  e:/mcuxpresso/mcuxpressoide/ide/plugins/com.nxp.mcuxpresso.tools.win32_11.7.0.202209140929/tools/bin/../lib/gcc/arm-none-eabi/10.3.1/../../../../arm-none-eabi/lib/thumb/v6-m/nofp\libcr_c.a(alloc.o)
__main                                            e:/mcuxpresso/mcuxpressoide/ide/plugins/com.nxp.mcuxpresso.tools.win32_11.7.0.202209140929/tools/bin/../lib/gcc/arm-none-eabi/10.3.1/../../../../arm-none-eabi/lib/thumb/v6-m/nofp\libcr_c.a(__weak__main.o)
                                                  ./app/src/cr_startup_lpc11u6x.o
__mtb_buffer__                                    ./drivers/src/mtb.o
__sys_appexit                                     e:/mcuxpresso/mcuxpressoide/ide/plugins/com.nxp.mcuxpresso.tools.win32_11.7.0.202209140929/tools/bin/../lib/gcc/arm-none-eabi/10.3.1/../../../../arm-none-eabi/lib/thumb/v6-m/nofp\libcr_c.a(alloc.o)
__sys_readc                                       ./board/src/board.o
__sys_write                                       ./board/src/board.o
                                                  e:/mcuxpresso/mcuxpressoide/ide/plugins/com.nxp.mcuxpresso.tools.win32_11.7.0.202209140929/tools/bin/../lib/gcc/arm-none-eabi/10.3.1/../../../../arm-none-eabi/lib/thumb/v6-m/nofp\libcr_c.a(alloc.o)
__weak_main                                       e:/mcuxpresso/mcuxpressoide/ide/plugins/com.nxp.mcuxpresso.tools.win32_11.7.0.202209140929/tools/bin/../lib/gcc/arm-none-eabi/10.3.1/../../../../arm-none-eabi/lib/thumb/v6-m/nofp\libcr_c.a(__weak__main.o)
_init_alloc                                       e:/mcuxpresso/mcuxpressoide/ide/plugins/com.nxp.mcuxpresso.tools.win32_11.7.0.202209140929/tools/bin/../lib/gcc/arm-none-eabi/10.3.1/../../../../arm-none-eabi/lib/thumb/v6-m/nofp\libcr_c.a(__init_alloc.o)
_pvHeapLimit                                      e:/mcuxpresso/mcuxpressoide/ide/plugins/com.nxp.mcuxpresso.tools.win32_11.7.0.202209140929/tools/bin/../lib/gcc/arm-none-eabi/10.3.1/../../../../arm-none-eabi/lib/thumb/v6-m/nofp\libcr_c.a(_cr_check_heap.o)
_pvHeapStart                                      e:/mcuxpresso/mcuxpressoide/ide/plugins/com.nxp.mcuxpresso.tools.win32_11.7.0.202209140929/tools/bin/../lib/gcc/arm-none-eabi/10.3.1/../../../../arm-none-eabi/lib/thumb/v6-m/nofp\libcr_c.a(_cr_sbrk.o)
_sbrk                                             e:/mcuxpresso/mcuxpressoide/ide/plugins/com.nxp.mcuxpresso.tools.win32_11.7.0.202209140929/tools/bin/../lib/gcc/arm-none-eabi/10.3.1/../../../../arm-none-eabi/lib/thumb/v6-m/nofp\libcr_c.a(_cr_sbrk.o)
                                                  e:/mcuxpresso/mcuxpressoide/ide/plugins/com.nxp.mcuxpresso.tools.win32_11.7.0.202209140929/tools/bin/../lib/gcc/arm-none-eabi/10.3.1/../../../../arm-none-eabi/lib/thumb/v6-m/nofp\libcr_c.a(alloc.o)
_vStackTop                                        ./app/src/cr_startup_lpc11u6x.o
bss_init                                          ./app/src/cr_startup_lpc11u6x.o
calloc                                            e:/mcuxpresso/mcuxpressoide/ide/plugins/com.nxp.mcuxpresso.tools.win32_11.7.0.202209140929/tools/bin/../lib/gcc/arm-none-eabi/10.3.1/../../../../arm-none-eabi/lib/thumb/v6-m/nofp\libcr_c.a(alloc.o)
data_init                                         ./app/src/cr_startup_lpc11u6x.o
eTaskConfirmSleepModeStatus                       ./freertos/src/tasks.o
errno                                             e:/mcuxpresso/mcuxpressoide/ide/plugins/com.nxp.mcuxpresso.tools.win32_11.7.0.202209140929/tools/bin/../lib/gcc/arm-none-eabi/10.3.1/../../../../arm-none-eabi/lib/thumb/v6-m/nofp\libcr_c.a(errno.o)
                                                  e:/mcuxpresso/mcuxpressoide/ide/plugins/com.nxp.mcuxpresso.tools.win32_11.7.0.202209140929/tools/bin/../lib/gcc/arm-none-eabi/10.3.1/../../../../arm-none-eabi/lib/thumb/v6-m/nofp\libcr_c.a(_cr_sbrk.o)
free                                              e:/mcuxpresso/mcuxpressoide/ide/plugins/com.nxp.mcuxpresso.tools.win32_11.7.0.202209140929/tools/bin/../lib/gcc/arm-none-eabi/10.3.1/../../../../arm-none-eabi/lib/thumb/v6-m/nofp\libcr_c.a(alloc.o)
                                                  ./freertos/src/heap_3.o
g_pfnVectors                                      ./app/src/cr_startup_lpc11u6x.o
getSlaveIndex                                     ./drivers/src/i2c_11u6x.o
handleMasterXferState                             ./drivers/src/i2c_11u6x.o
handleSlaveXferState                              ./drivers/src/i2c_11u6x.o
main                                              ./app/src/lpc11u6x_freertos_blinky.o
                                                  e:/mcuxpresso/mcuxpressoide/ide/plugins/com.nxp.mcuxpresso.tools.win32_11.7.0.202209140929/tools/bin/../lib/gcc/arm-none-eabi/10.3.1/../../../../arm-none-eabi/lib/thumb/v6-m/nofp\libcr_c.a(__weak__main.o)
malloc                                            e:/mcuxpresso/mcuxpressoide/ide/plugins/com.nxp.mcuxpresso.tools.win32_11.7.0.202209140929/tools/bin/../lib/gcc/arm-none-eabi/10.3.1/../../../../arm-none-eabi/lib/thumb/v6-m/nofp\libcr_c.a(alloc.o)
                                                  ./freertos/src/heap_3.o
memcmp                                            e:/mcuxpresso/mcuxpressoide/ide/plugins/com.nxp.mcuxpresso.tools.win32_11.7.0.202209140929/tools/bin/../lib/gcc/arm-none-eabi/10.3.1/../../../../arm-none-eabi/lib/thumb/v6-m/nofp\libcr_c.a(memcmp.o)
                                                  ./freertos/src/tasks.o
memcpy                                            e:/mcuxpresso/mcuxpressoide/ide/plugins/com.nxp.mcuxpresso.tools.win32_11.7.0.202209140929/tools/bin/../lib/gcc/arm-none-eabi/10.3.1/../../../../arm-none-eabi/lib/thumb/v6-m/nofp\libcr_c.a(memcpy.o)
                                                  e:/mcuxpresso/mcuxpressoide/ide/plugins/com.nxp.mcuxpresso.tools.win32_11.7.0.202209140929/tools/bin/../lib/gcc/arm-none-eabi/10.3.1/../../../../arm-none-eabi/lib/thumb/v6-m/nofp\libcr_c.a(alloc.o)
                                                  ./drivers/src/ring_buffer.o
                                                  ./freertos/src/queue.o
memset                                            e:/mcuxpresso/mcuxpressoide/ide/plugins/com.nxp.mcuxpresso.tools.win32_11.7.0.202209140929/tools/bin/../lib/gcc/arm-none-eabi/10.3.1/../../../../arm-none-eabi/lib/thumb/v6-m/nofp\libcr_c.a(memset.o)
                                                  e:/mcuxpresso/mcuxpressoide/ide/plugins/com.nxp.mcuxpresso.tools.win32_11.7.0.202209140929/tools/bin/../lib/gcc/arm-none-eabi/10.3.1/../../../../arm-none-eabi/lib/thumb/v6-m/nofp\libcr_c.a(alloc.o)
                                                  ./drivers/src/i2c_11u6x.o
                                                  ./freertos/src/tasks.o
pDivRom_idiv                                      ./app/src/cr_startup_lpc11u6x.o
                                                  ./app/src/aeabi_romdiv_patch.o
pDivRom_uidiv                                     ./app/src/cr_startup_lpc11u6x.o
                                                  ./app/src/aeabi_romdiv_patch.o
pvPortMalloc                                      ./freertos/src/heap_3.o
                                                  ./freertos/src/tasks.o
                                                  ./freertos/src/queue.o
                                                  ./freertos/src/croutine.o
pxCurrentCoRoutine                                ./freertos/src/croutine.o
pxCurrentTCB                                      ./freertos/src/tasks.o
                                                  ./freertos/src/port.o
pxPortInitialiseStack                             ./freertos/src/port.o
                                                  ./freertos/src/tasks.o
realloc                                           e:/mcuxpresso/mcuxpressoide/ide/plugins/com.nxp.mcuxpresso.tools.win32_11.7.0.202209140929/tools/bin/../lib/gcc/arm-none-eabi/10.3.1/../../../../arm-none-eabi/lib/thumb/v6-m/nofp\libcr_c.a(alloc.o)
ucQueueGetQueueType                               ./freertos/src/queue.o
ulSetInterruptMaskFromISR                         ./freertos/src/port.o
                                                  ./freertos/src/tasks.o
                                                  ./freertos/src/queue.o
uxListRemove                                      ./freertos/src/list.o
                                                  ./freertos/src/tasks.o
                                                  ./freertos/src/croutine.o
uxQueueGetQueueNumber                             ./freertos/src/queue.o
uxQueueMessagesWaiting                            ./freertos/src/queue.o
uxQueueMessagesWaitingFromISR                     ./freertos/src/queue.o
uxQueueSpacesAvailable                            ./freertos/src/queue.o
uxTaskGetNumberOfTasks                            ./freertos/src/tasks.o
uxTaskGetSystemState                              ./freertos/src/tasks.o
uxTaskGetTaskNumber                               ./freertos/src/tasks.o
uxTaskPriorityGet                                 ./freertos/src/tasks.o
uxTaskResetEventItemValue                         ./freertos/src/tasks.o
vApplicationIdleHook                              ./freertos/src/FreeRTOSCommonHooks.o
                                                  ./freertos/src/tasks.o
vApplicationMallocFailedHook                      ./freertos/src/FreeRTOSCommonHooks.o