E:\MCUXpresso\Workspace\workspace_lpc11u6x_freertos_demo\lpc11u6x_freertos_blinky\drivers\inc/clock_11u6x.h:95:20:Chip_Clock_SetupUSBPLL	16	static
E:\MCUXpresso\Workspace\workspace_lpc11u6x_freertos_demo\lpc11u6x_freertos_blinky\drivers\inc/clock_11u6x.h:104:20:Chip_Clock_IsUSBPLLLocked	8	static
E:\MCUXpresso\Workspace\workspace_lpc11u6x_freertos_demo\lpc11u6x_freertos_blinky\drivers\inc/clock_11u6x.h:279:20:Chip_Clock_EnablePeriphClock	16	static
../drivers/src/chip_11u6x.c:55:6:SystemCoreClockUpdate	8	static
../drivers/src/chip_11u6x.c:61:6:Chip_USB_Init	8	static
