E:\MCUXpresso\Workspace\workspace_lpc11u6x_freertos_demo\lpc11u6x_freertos_blinky\drivers\inc/syscon_11u6x.h:155:20:Chip_SYSCTL_AssertPeriphReset	16	static
E:\MCUXpresso\Workspace\workspace_lpc11u6x_freertos_demo\lpc11u6x_freertos_blinky\drivers\inc/syscon_11u6x.h:165:20:Chip_SYSCTL_DeassertPeriphReset	16	static
E:\MCUXpresso\Workspace\workspace_lpc11u6x_freertos_demo\lpc11u6x_freertos_blinky\drivers\inc/syscon_11u6x.h:175:20:Chip_SYSCTL_PeriphReset	16	static
E:\MCUXpresso\Workspace\workspace_lpc11u6x_freertos_demo\lpc11u6x_freertos_blinky\drivers\inc/clock_11u6x.h:392:20:Chip_Clock_SetUSARTNBaseClockDiv	16	static
E:\MCUXpresso\Workspace\workspace_lpc11u6x_freertos_demo\lpc11u6x_freertos_blinky\drivers\inc/clock_11u6x.h:403:24:Chip_Clock_GetUSARTNBaseClockDiv	8	static
E:\MCUXpresso\Workspace\workspace_lpc11u6x_freertos_demo\lpc11u6x_freertos_blinky\drivers\inc/clock_11u6x.h:413:20:Chip_Clock_SetUSARTNFRGDivider	16	static
E:\MCUXpresso\Workspace\workspace_lpc11u6x_freertos_demo\lpc11u6x_freertos_blinky\drivers\inc/clock_11u6x.h:422:24:Chip_Clock_GetUSARTNFRGDivider	8	static
E:\MCUXpresso\Workspace\workspace_lpc11u6x_freertos_demo\lpc11u6x_freertos_blinky\drivers\inc/clock_11u6x.h:432:20:Chip_Clock_SetUSARTNFRGMultiplier	16	static
E:\MCUXpresso\Workspace\workspace_lpc11u6x_freertos_demo\lpc11u6x_freertos_blinky\drivers\inc/clock_11u6x.h:441:24:Chip_Clock_GetUSARTNFRGMultiplier	8	static
E:\MCUXpresso\Workspace\workspace_lpc11u6x_freertos_demo\lpc11u6x_freertos_blinky\drivers\inc/clock_11u6x.h:515:24:Chip_Clock_GetMainOscRate	8	static
E:\MCUXpresso\Workspace\workspace_lpc11u6x_freertos_demo\lpc11u6x_freertos_blinky\drivers\inc/clock_11u6x.h:524:24:Chip_Clock_GetIntOscRate	8	static
E:\MCUXpresso\Workspace\workspace_lpc11u6x_freertos_demo\lpc11u6x_freertos_blinky\drivers\inc/clock_11u6x.h:533:24:Chip_Clock_GetRTCOscRate	8	static
../drivers/src/clock_11u6x.c:65:17:Chip_Clock_GetWDTRate	24	static
../drivers/src/clock_11u6x.c:79:17:Chip_Clock_GetPLLFreq	24	static
../drivers/src/clock_11u6x.c:91:10:Chip_Clock_GetUSARTNBaseClockRate	48	static
../drivers/src/clock_11u6x.c:121:10:Chip_Clock_SetUSARTNBaseClockRate	32	static
../drivers/src/clock_11u6x.c:162:6:Chip_Clock_SetSystemPLLSource	16	static
../drivers/src/clock_11u6x.c:170:6:Chip_Clock_SetPLLBypass	24	static
../drivers/src/clock_11u6x.c:185:6:Chip_Clock_SetUSBPLLSource	16	static
../drivers/src/clock_11u6x.c:193:6:Chip_Clock_SetMainClockSource	16	static
../drivers/src/clock_11u6x.c:201:6:Chip_Clock_SetUSBClockSource	16	static
../drivers/src/clock_11u6x.c:210:6:Chip_Clock_SetCLKOUTSource	16	static
../drivers/src/clock_11u6x.c:219:10:Chip_Clock_GetWDTOSCRate	8	static
../drivers/src/clock_11u6x.c:225:10:Chip_Clock_GetSystemPLLInClockRate	16	static
../drivers/src/clock_11u6x.c:250:10:Chip_Clock_GetSystemPLLOutClockRate	16	static
../drivers/src/clock_11u6x.c:257:10:Chip_Clock_GetUSBPLLInClockRate	16	static
../drivers/src/clock_11u6x.c:278:10:Chip_Clock_GetUSBPLLOutClockRate	16	static
../drivers/src/clock_11u6x.c:285:10:Chip_Clock_GetMainClockRate	16	static
../drivers/src/clock_11u6x.c:311:10:Chip_Clock_GetSystemClockRate	8	static
