E:\MCUXpresso\Workspace\workspace_lpc11u6x_freertos_demo\lpc11u6x_freertos_blinky\drivers\inc/timer_11u6x.h:178:20:Chip_TIMER_Enable	16	static
E:\MCUXpresso\Workspace\workspace_lpc11u6x_freertos_demo\lpc11u6x_freertos_blinky\drivers\inc/timer_11u6x.h:200:24:Chip_TIMER_ReadCount	16	static
E:\MCUXpresso\Workspace\workspace_lpc11u6x_freertos_demo\lpc11u6x_freertos_blinky\drivers\inc/timer_11u6x.h:223:20:Chip_TIMER_PrescaleSet	16	static
../drivers/src/stopwatch_11u6x.c:57:6:StopWatch_Init	16	static
../drivers/src/stopwatch_11u6x.c:72:10:StopWatch_Start	8	static
../drivers/src/stopwatch_11u6x.c:79:10:StopWatch_TicksPerSecond	8	static
../drivers/src/stopwatch_11u6x.c:85:10:StopWatch_TicksToMs	16	static
../drivers/src/stopwatch_11u6x.c:91:10:StopWatch_TicksToUs	16	static
../drivers/src/stopwatch_11u6x.c:97:10:StopWatch_MsToTicks	16	static
../drivers/src/stopwatch_11u6x.c:103:10:StopWatch_UsToTicks	16	static
