E:\MCUXpresso\Workspace\workspace_lpc11u6x_freertos_demo\lpc11u6x_freertos_blinky\drivers\inc/clock_11u6x.h:54:20:Chip_Clock_SetupSystemPLL	16	static
E:\MCUXpresso\Workspace\workspace_lpc11u6x_freertos_demo\lpc11u6x_freertos_blinky\drivers\inc/clock_11u6x.h:63:20:Chip_Clock_IsSystemPLLLocked	8	static
E:\MCUXpresso\Workspace\workspace_lpc11u6x_freertos_demo\lpc11u6x_freertos_blinky\drivers\inc/clock_11u6x.h:229:20:Chip_Clock_SetSysClockDiv	16	static
E:\MCUXpresso\Workspace\workspace_lpc11u6x_freertos_demo\lpc11u6x_freertos_blinky\drivers\inc/fmc_11u6x.h:71:20:Chip_FMC_SetFLASHAccess	24	static
../drivers/src/sysinit_11u6x.c:54:6:Chip_SetupIrcClocking	8	static
../drivers/src/sysinit_11u6x.c:106:6:Chip_SetupXtalClocking	16	static
../drivers/src/sysinit_11u6x.c:161:6:Chip_SystemInit	8	static
