E:\MCUXpresso\Workspace\workspace_lpc11u6x_freertos_demo\lpc11u6x_freertos_blinky\drivers\inc/gpio_11u6x.h:95:20:Chip_GPIO_SetPinState	24	static
E:\MCUXpresso\Workspace\workspace_lpc11u6x_freertos_demo\lpc11u6x_freertos_blinky\drivers\inc/gpio_11u6x.h:121:20:Chip_GPIO_GetPinState	16	static
E:\MCUXpresso\Workspace\workspace_lpc11u6x_freertos_demo\lpc11u6x_freertos_blinky\drivers\inc/gpio_11u6x.h:146:20:Chip_GPIO_SetPinDIROutput	16	static
E:\MCUXpresso\Workspace\workspace_lpc11u6x_freertos_demo\lpc11u6x_freertos_blinky\drivers\inc/gpio_11u6x.h:158:20:Chip_GPIO_SetPinDIRInput	16	static
E:\MCUXpresso\Workspace\workspace_lpc11u6x_freertos_demo\lpc11u6x_freertos_blinky\drivers\inc/gpio_11u6x.h:445:20:Chip_GPIO_SetPinToggle	16	static
E:\MCUXpresso\Workspace\workspace_lpc11u6x_freertos_demo\lpc11u6x_freertos_blinky\drivers\inc/uart_0_11u6x.h:290:20:Chip_UART0_TXEnable	16	static
E:\MCUXpresso\Workspace\workspace_lpc11u6x_freertos_demo\lpc11u6x_freertos_blinky\drivers\inc/uart_0_11u6x.h:394:20:Chip_UART0_SetupFIFOS	16	static
E:\MCUXpresso\Workspace\workspace_lpc11u6x_freertos_demo\lpc11u6x_freertos_blinky\drivers\inc/uart_0_11u6x.h:409:20:Chip_UART0_ConfigData	16	static
e:\mcuxpresso\mcuxpressoide\ide\plugins\com.nxp.mcuxpresso.tools.win32_11.7.0.202209140929\tools\redlib\include\sys\libconfig-arm.h:247:5:__sys_write	32	static
e:\mcuxpresso\mcuxpressoide\ide\plugins\com.nxp.mcuxpresso.tools.win32_11.7.0.202209140929\tools\redlib\include\sys\libconfig-arm.h:241:5:__sys_readc	16	static
../board/src/board.c:56:6:Board_UARTPutChar	16	static
../board/src/board.c:64:5:Board_UARTGetChar	16	static
../board/src/board.c:77:6:Board_UARTPutSTR	16	static
../board/src/board.c:87:6:Board_Debug_Init	8	static
../board/src/board.c:103:13:Board_LED_Init	16	static
../board/src/board.c:115:6:Board_LED_Set	16	static
../board/src/board.c:124:6:Board_LED_Test	32	static
../board/src/board.c:136:6:Board_LED_Toggle	16	static
../board/src/board.c:145:6:Board_Init	8	static
../board/src/board.c:165:6:Board_Joystick_Init	16	static
../board/src/board.c:177:9:Joystick_GetStatus	16	static
